../Drivers/CMSIS/Include/core_cm33.h:2127:22:__NVIC_EnableIRQ	16	static,ignoring_inline_asm
../Core/Src/main.c:171:6:Print_Frame	32	static
../Core/Src/main.c:225:5:main	240	static
../Core/Src/main.c:631:6:SystemClock_Config	104	static
../Core/Src/main.c:682:13:MX_ICACHE_Init	8	static
../Core/Src/main.c:714:13:MX_LPUART1_UART_Init	8	static
../Core/Src/main.c:762:13:MX_GPIO_Init	48	static
../Core/Src/main.c:844:6:SPI1_IRQHandler	4	static
../Core/Src/main.c:890:6:SPI_Config	4	static
../Core/Src/main.c:913:6:SPI_GPIO_Config	4	static
../Core/Src/main.c:933:6:LED_GPIO_Config	4	static
../Core/Src/main.c:947:6:SPI_CS_Enable	4	static
../Core/Src/main.c:953:6:SPI_CS_Disable	4	static
../Core/Src/main.c:959:6:SPI_Enable	4	static
../Core/Src/main.c:965:6:SPI_Disable	4	static
../Core/Src/main.c:971:6:LED_GPIO_On	4	static
../Core/Src/main.c:978:6:LED_GPIO_Off	4	static
../Core/Src/main.c:983:6:RED_LED_GPIO_On	4	static
../Core/Src/main.c:989:6:RED_LED_GPIO_Off	4	static
../Core/Src/main.c:995:6:UART_Send_Bits	16	static
../Core/Src/main.c:1005:6:UART_Send_IDs	16	static
../Core/Src/main.c:1013:6:UART_Send_FIFO	48	static
../Core/Src/main.c:1055:6:FSM_Init	4	static
../Core/Src/main.c:1070:6:fix_index	4	static
../Core/Src/main.c:1077:6:fix_newindex	4	static
../Core/Src/main.c:1090:6:Error_Handler	4	static,ignoring_inline_asm
