../Drivers/CMSIS/Include/core_cm33.h:2127:22:__NVIC_EnableIRQ	2
../Core/Src/main.c:183:5:main	38
../Core/Src/main.c:471:6:SystemClock_Config	4
../Core/Src/main.c:522:13:MX_ICACHE_Init	3
../Core/Src/main.c:554:13:MX_LPUART1_UART_Init	5
../Core/Src/main.c:602:13:MX_GPIO_Init	1
../Core/Src/main.c:684:6:SPI1_IRQHandler	12
../Core/Src/main.c:728:6:SPI_Config	1
../Core/Src/main.c:751:6:SPI_GPIO_Config	1
../Core/Src/main.c:771:6:LED_GPIO_Config	1
../Core/Src/main.c:783:6:SPI_CS_Enable	1
../Core/Src/main.c:789:6:SPI_CS_Disable	1
../Core/Src/main.c:795:6:SPI_Enable	1
../Core/Src/main.c:801:6:SPI_Disable	1
../Core/Src/main.c:807:6:LED_GPIO_On	1
../Core/Src/main.c:813:6:LED_GPIO_Off	1
../Core/Src/main.c:820:6:FSM_Init	1
../Core/Src/main.c:835:6:fix_index	2
../Core/Src/main.c:848:6:Error_Handler	1
