../Drivers/CMSIS/Include/core_cm33.h:2127:22:__NVIC_EnableIRQ	16	static,ignoring_inline_asm
../Core/Src/main.c:183:5:main	32	static
../Core/Src/main.c:471:6:SystemClock_Config	104	static
../Core/Src/main.c:522:13:MX_ICACHE_Init	8	static
../Core/Src/main.c:554:13:MX_LPUART1_UART_Init	8	static
../Core/Src/main.c:602:13:MX_GPIO_Init	48	static
../Core/Src/main.c:684:6:SPI1_IRQHandler	4	static
../Core/Src/main.c:728:6:SPI_Config	4	static
../Core/Src/main.c:751:6:SPI_GPIO_Config	4	static
../Core/Src/main.c:771:6:LED_GPIO_Config	4	static
../Core/Src/main.c:783:6:SPI_CS_Enable	4	static
../Core/Src/main.c:789:6:SPI_CS_Disable	4	static
../Core/Src/main.c:795:6:SPI_Enable	4	static
../Core/Src/main.c:801:6:SPI_Disable	4	static
../Core/Src/main.c:807:6:LED_GPIO_On	4	static
../Core/Src/main.c:813:6:LED_GPIO_Off	4	static
../Core/Src/main.c:820:6:FSM_Init	4	static
../Core/Src/main.c:835:6:fix_index	4	static
../Core/Src/main.c:848:6:Error_Handler	4	static,ignoring_inline_asm
