Archive member included to satisfy reference by file (symbol)

C:/ST/STM32CubeIDE_1.13.1/STM32CubeIDE/plugins/com.st.stm32cube.ide.mcu.externaltools.gnu-tools-for-stm32.11.3.rel1.win32_1.1.0.202305231506/tools/bin/../lib/gcc/arm-none-eabi/11.3.1/../../../../arm-none-eabi/lib/thumb/v8-m.main+fp/hard\libc_nano.a(libc_a-exit.o)
                              C:/ST/STM32CubeIDE_1.13.1/STM32CubeIDE/plugins/com.st.stm32cube.ide.mcu.externaltools.gnu-tools-for-stm32.11.3.rel1.win32_1.1.0.202305231506/tools/bin/../lib/gcc/arm-none-eabi/11.3.1/../../../../arm-none-eabi/lib/thumb/v8-m.main+fp/hard/crt0.o (exit)
C:/ST/STM32CubeIDE_1.13.1/STM32CubeIDE/plugins/com.st.stm32cube.ide.mcu.externaltools.gnu-tools-for-stm32.11.3.rel1.win32_1.1.0.202305231506/tools/bin/../lib/gcc/arm-none-eabi/11.3.1/../../../../arm-none-eabi/lib/thumb/v8-m.main+fp/hard\libc_nano.a(libc_a-findfp.o)
                              C:/ST/STM32CubeIDE_1.13.1/STM32CubeIDE/plugins/com.st.stm32cube.ide.mcu.externaltools.gnu-tools-for-stm32.11.3.rel1.win32_1.1.0.202305231506/tools/bin/../lib/gcc/arm-none-eabi/11.3.1/../../../../arm-none-eabi/lib/thumb/v8-m.main+fp/hard\libc_nano.a(libc_a-exit.o) (__stdio_exit_handler)
C:/ST/STM32CubeIDE_1.13.1/STM32CubeIDE/plugins/com.st.stm32cube.ide.mcu.externaltools.gnu-tools-for-stm32.11.3.rel1.win32_1.1.0.202305231506/tools/bin/../lib/gcc/arm-none-eabi/11.3.1/../../../../arm-none-eabi/lib/thumb/v8-m.main+fp/hard\libc_nano.a(libc_a-fwalk.o)
                              C:/ST/STM32CubeIDE_1.13.1/STM32CubeIDE/plugins/com.st.stm32cube.ide.mcu.externaltools.gnu-tools-for-stm32.11.3.rel1.win32_1.1.0.202305231506/tools/bin/../lib/gcc/arm-none-eabi/11.3.1/../../../../arm-none-eabi/lib/thumb/v8-m.main+fp/hard\libc_nano.a(libc_a-findfp.o) (_fwalk_sglue)
C:/ST/STM32CubeIDE_1.13.1/STM32CubeIDE/plugins/com.st.stm32cube.ide.mcu.externaltools.gnu-tools-for-stm32.11.3.rel1.win32_1.1.0.202305231506/tools/bin/../lib/gcc/arm-none-eabi/11.3.1/../../../../arm-none-eabi/lib/thumb/v8-m.main+fp/hard\libc_nano.a(libc_a-snprintf.o)
                              ./Core/Src/main.o (snprintf)
C:/ST/STM32CubeIDE_1.13.1/STM32CubeIDE/plugins/com.st.stm32cube.ide.mcu.externaltools.gnu-tools-for-stm32.11.3.rel1.win32_1.1.0.202305231506/tools/bin/../lib/gcc/arm-none-eabi/11.3.1/../../../../arm-none-eabi/lib/thumb/v8-m.main+fp/hard\libc_nano.a(libc_a-sprintf.o)
                              ./Core/Src/main.o (sprintf)
C:/ST/STM32CubeIDE_1.13.1/STM32CubeIDE/plugins/com.st.stm32cube.ide.mcu.externaltools.gnu-tools-for-stm32.11.3.rel1.win32_1.1.0.202305231506/tools/bin/../lib/gcc/arm-none-eabi/11.3.1/../../../../arm-none-eabi/lib/thumb/v8-m.main+fp/hard\libc_nano.a(libc_a-stdio.o)
                              C:/ST/STM32CubeIDE_1.13.1/STM32CubeIDE/plugins/com.st.stm32cube.ide.mcu.externaltools.gnu-tools-for-stm32.11.3.rel1.win32_1.1.0.202305231506/tools/bin/../lib/gcc/arm-none-eabi/11.3.1/../../../../arm-none-eabi/lib/thumb/v8-m.main+fp/hard\libc_nano.a(libc_a-findfp.o) (__sread)
C:/ST/STM32CubeIDE_1.13.1/STM32CubeIDE/plugins/com.st.stm32cube.ide.mcu.externaltools.gnu-tools-for-stm32.11.3.rel1.win32_1.1.0.202305231506/tools/bin/../lib/gcc/arm-none-eabi/11.3.1/../../../../arm-none-eabi/lib/thumb/v8-m.main+fp/hard\libc_nano.a(libc_a-memset.o)
                              C:/ST/STM32CubeIDE_1.13.1/STM32CubeIDE/plugins/com.st.stm32cube.ide.mcu.externaltools.gnu-tools-for-stm32.11.3.rel1.win32_1.1.0.202305231506/tools/bin/../lib/gcc/arm-none-eabi/11.3.1/../../../../arm-none-eabi/lib/thumb/v8-m.main+fp/hard/crt0.o (memset)
C:/ST/STM32CubeIDE_1.13.1/STM32CubeIDE/plugins/com.st.stm32cube.ide.mcu.externaltools.gnu-tools-for-stm32.11.3.rel1.win32_1.1.0.202305231506/tools/bin/../lib/gcc/arm-none-eabi/11.3.1/../../../../arm-none-eabi/lib/thumb/v8-m.main+fp/hard\libc_nano.a(libc_a-closer.o)
                              C:/ST/STM32CubeIDE_1.13.1/STM32CubeIDE/plugins/com.st.stm32cube.ide.mcu.externaltools.gnu-tools-for-stm32.11.3.rel1.win32_1.1.0.202305231506/tools/bin/../lib/gcc/arm-none-eabi/11.3.1/../../../../arm-none-eabi/lib/thumb/v8-m.main+fp/hard\libc_nano.a(libc_a-stdio.o) (_close_r)
C:/ST/STM32CubeIDE_1.13.1/STM32CubeIDE/plugins/com.st.stm32cube.ide.mcu.externaltools.gnu-tools-for-stm32.11.3.rel1.win32_1.1.0.202305231506/tools/bin/../lib/gcc/arm-none-eabi/11.3.1/../../../../arm-none-eabi/lib/thumb/v8-m.main+fp/hard\libc_nano.a(libc_a-reent.o)
                              C:/ST/STM32CubeIDE_1.13.1/STM32CubeIDE/plugins/com.st.stm32cube.ide.mcu.externaltools.gnu-tools-for-stm32.11.3.rel1.win32_1.1.0.202305231506/tools/bin/../lib/gcc/arm-none-eabi/11.3.1/../../../../arm-none-eabi/lib/thumb/v8-m.main+fp/hard\libc_nano.a(libc_a-closer.o) (errno)
C:/ST/STM32CubeIDE_1.13.1/STM32CubeIDE/plugins/com.st.stm32cube.ide.mcu.externaltools.gnu-tools-for-stm32.11.3.rel1.win32_1.1.0.202305231506/tools/bin/../lib/gcc/arm-none-eabi/11.3.1/../../../../arm-none-eabi/lib/thumb/v8-m.main+fp/hard\libc_nano.a(libc_a-impure.o)
[...]
Memory Configuration

Name             Origin             Length             Attributes
RAM              0x0000000020000000 0x0000000000030000 xrw
RAM2             0x0000000020030000 0x0000000000010000 xrw
FLASH            0x0000000008000000 0x0000000000080000 xr
*default*        0x0000000000000000 0xffffffffffffffff

Linker script and memory map

LOAD C:/ST/STM32CubeIDE_1.13.1/STM32CubeIDE/plugins/com.st.stm32cube.ide.mcu.externaltools.gnu-tools-for-stm32.11.3.rel1.win32_1.1.0.202305231506/tools/bin/../lib/gcc/arm-none-eabi/11.3.1/thumb/v8-m.main+fp/hard/crti.o
LOAD C:/ST/STM32CubeIDE_1.13.1/STM32CubeIDE/plugins/com.st.stm32cube.ide.mcu.externaltools.gnu-tools-for-stm32.11.3.rel1.win32_1.1.0.202305231506/tools/bin/../lib/gcc/arm-none-eabi/11.3.1/thumb/v8-m.main+fp/hard/crtbegin.o
LOAD C:/ST/STM32CubeIDE_1.13.1/STM32CubeIDE/plugins/com.st.stm32cube.ide.mcu.externaltools.gnu-tools-for-stm32.11.3.rel1.win32_1.1.0.202305231506/tools/bin/../lib/gcc/arm-none-eabi/11.3.1/../../../../arm-none-eabi/lib/thumb/v8-m.main+fp/hard/crt0.o
LOAD ./Core/Src/main.o
LOAD ./Core/Src/stm32l5xx_hal_msp.o
LOAD ./Core/Src/stm32l5xx_it.o
LOAD ./Core/Src/syscalls.o
LOAD ./Core/Src/sysmem.o
LOAD ./Core/Src/system_stm32l5xx.o
LOAD ./Core/Startup/startup_stm32l552zetxq.o
LOAD ./Drivers/STM32L5xx_HAL_Driver/Src/stm32l5xx_hal.o
LOAD ./Drivers/STM32L5xx_HAL_Driver/Src/stm32l5xx_hal_cortex.o
LOAD ./Drivers/STM32L5xx_HAL_Driver/Src/stm32l5xx_hal_dma.o
LOAD ./Drivers/STM32L5xx_HAL_Driver/Src/stm32l5xx_hal_dma_ex.o
LOAD ./Drivers/STM32L5xx_HAL_Driver/Src/stm32l5xx_hal_exti.o
LOAD ./Drivers/STM32L5xx_HAL_Driver/Src/stm32l5xx_hal_flash.o
LOAD ./Drivers/STM32L5xx_HAL_Driver/Src/stm32l5xx_hal_flash_ex.o
LOAD ./Drivers/STM32L5xx_HAL_Driver/Src/stm32l5xx_hal_flash_ramfunc.o
LOAD ./Drivers/STM32L5xx_HAL_Driver/Src/stm32l5xx_hal_gpio.o
LOAD ./Drivers/STM32L5xx_HAL_Driver/Src/stm32l5xx_hal_i2c.o
LOAD ./Drivers/STM32L5xx_HAL_Driver/Src/stm32l5xx_hal_i2c_ex.o
LOAD ./Drivers/STM32L5xx_HAL_Driver/Src/stm32l5xx_hal_icache.o
LOAD ./Drivers/STM32L5xx_HAL_Driver/Src/stm32l5xx_hal_pwr.o
LOAD ./Drivers/STM32L5xx_HAL_Driver/Src/stm32l5xx_hal_pwr_ex.o
LOAD ./Drivers/STM32L5xx_HAL_Driver/Src/stm32l5xx_hal_rcc.o
LOAD ./Drivers/STM32L5xx_HAL_Driver/Src/stm32l5xx_hal_rcc_ex.o
LOAD ./Drivers/STM32L5xx_HAL_Driver/Src/stm32l5xx_hal_tim.o
LOAD ./Drivers/STM32L5xx_HAL_Driver/Src/stm32l5xx_hal_tim_ex.o
LOAD ./Drivers/STM32L5xx_HAL_Driver/Src/stm32l5xx_hal_uart.o
LOAD ./Drivers/STM32L5xx_HAL_Driver/Src/stm32l5xx_hal_uart_ex.o
START GROUP
LOAD C:/ST/STM32CubeIDE_1.13.1/STM32CubeIDE/plugins/com.st.stm32cube.ide.mcu.externaltools.gnu-tools-for-stm32.11.3.rel1.win32_1.1.0.202305231506/tools/bin/../lib/gcc/arm-none-eabi/11.3.1/../../../../arm-none-eabi/lib/thumb/v8-m.main+fp/hard\libc_nano.a
LOAD C:/ST/STM32CubeIDE_1.13.1/STM32CubeIDE/plugins/com.st.stm32cube.ide.mcu.externaltools.gnu-tools-for-stm32.11.3.rel1.win32_1.1.0.202305231506/tools/bin/../lib/gcc/arm-none-eabi/11.3.1/../../../../arm-none-eabi/lib/thumb/v8-m.main+fp/hard\libm.a
END GROUP
START GROUP
LOAD C:/ST/STM32CubeIDE_1.13.1/STM32CubeIDE/plugins/com.st.stm32cube.ide.mcu.externaltools.gnu-tools-for-stm32.11.3.rel1.win32_1.1.0.202305231506/tools/bin/../lib/gcc/arm-none-eabi/11.3.1/thumb/v8-m.main+fp/hard\libgcc.a
LOAD C:/ST/STM32CubeIDE_1.13.1/STM32CubeIDE/plugins/com.st.stm32cube.ide.mcu.externaltools.gnu-tools-for-stm32.11.3.rel1.win32_1.1.0.202305231506/tools/bin/../lib/gcc/arm-none-eabi/11.3.1/../../../../arm-none-eabi/lib/thumb/v8-m.main+fp/hard\libc_nano.a
END GROUP
START GROUP
LOAD C:/ST/STM32CubeIDE_1.13.1/STM32CubeIDE/plugins/com.st.stm32cube.ide.mcu.externaltools.gnu-tools-for-stm32.11.3.rel1.win32_1.1.0.202305231506/tools/bin/../lib/gcc/arm-none-eabi/11.3.1/thumb/v8-m.main+fp/hard\libgcc.a
LOAD C:/ST/STM32CubeIDE_1.13.1/STM32CubeIDE/plugins/com.st.stm32cube.ide.mcu.externaltools.gnu-tools-for-stm32.11.3.rel1.win32_1.1.0.202305231506/tools/bin/../lib/gcc/arm-none-eabi/11.3.1/../../../../arm-none-eabi/lib/thumb/v8-m.main+fp/hard\libc_nano.a
LOAD C:/ST/STM32CubeIDE_1.13.1/STM32CubeIDE/plugins/com.st.stm32cube.ide.mcu.externaltools.gnu-tools-for-stm32.11.3.rel1.win32_1.1.0.202305231506/tools/bin/../lib/gcc/arm-none-eabi/11.3.1/../../../../arm-none-eabi/lib/thumb/v8-m.main+fp/hard\libnosys.a
END GROUP
START GROUP
LOAD C:/ST/STM32CubeIDE_1.13.1/STM32CubeIDE/plugins/com.st.stm32cube.ide.mcu.externaltools.gnu-tools-for-stm32.11.3.rel1.win32_1.1.0.202305231506/tools/bin/../lib/gcc/arm-none-eabi/11.3.1/thumb/v8-m.main+fp/hard\libgcc.a
LOAD C:/ST/STM32CubeIDE_1.13.1/STM32CubeIDE/plugins/com.st.stm32cube.ide.mcu.externaltools.gnu-tools-for-stm32.11.3.rel1.win32_1.1.0.202305231506/tools/bin/../lib/gcc/arm-none-eabi/11.3.1/../../../../arm-none-eabi/lib/thumb/v8-m.main+fp/hard\libc_nano.a
LOAD C:/ST/STM32CubeIDE_1.13.1/STM32CubeIDE/plugins/com.st.stm32cube.ide.mcu.externaltools.gnu-tools-for-stm32.11.3.rel1.win32_1.1.0.202305231506/tools/bin/../lib/gcc/arm-none-eabi/11.3.1/../../../../arm-none-eabi/lib/thumb/v8-m.main+fp/hard\libnosys.a
END GROUP
LOAD C:/ST/STM32CubeIDE_1.13.1/STM32CubeIDE/plugins/com.st.stm32cube.ide.mcu.externaltools.gnu-tools-for-stm32.11.3.rel1.win32_1.1.0.202305231506/tools/bin/../lib/gcc/arm-none-eabi/11.3.1/thumb/v8-m.main+fp/hard/crtend.o
LOAD C:/ST/STM32CubeIDE_1.13.1/STM32CubeIDE/plugins/com.st.stm32cube.ide.mcu.externaltools.gnu-tools-for-stm32.11.3.rel1.win32_1.1.0.202305231506/tools/bin/../lib/gcc/arm-none-eabi/11.3.1/thumb/v8-m.main+fp/hard/crtn.o
                0x0000000020030000                _estack = (ORIGIN (RAM) + LENGTH (RAM))
                0x0000000000000200                _Min_Heap_Size = 0x200
                0x0000000000000400                _Min_Stack_Size = 0x400

.isr_vector     0x0000000008000000      0x1f4
                0x0000000008000000                . = ALIGN (0x4)
 *(.isr_vector)
 .isr_vector    0x0000000008000000      0x1f4 ./Core/Startup/startup_stm32l552zetxq.o
                0x0000000008000000                g_pfnVectors
                0x00000000080001f4                . = ALIGN (0x4)

.text           0x00000000080001f4     0x4f64
                0x00000000080001f4                . = ALIGN (0x4)
 *(.text)
 .text          0x00000000080001f4       0x40 C:/ST/STM32CubeIDE_1.13.1/STM32CubeIDE/plugins/com.st.stm32cube.ide.mcu.externaltools.gnu-tools-for-stm32.11.3.rel1.win32_1.1.0.202305231506/tools/bin/../lib/gcc/arm-none-eabi/11.3.1/thumb/v8-m.main+fp/hard/crtbegin.o
 .text          0x0000000008000234       0x10 C:/ST/STM32CubeIDE_1.13.1/STM32CubeIDE/plugins/com.st.stm32cube.ide.mcu.externaltools.gnu-tools-for-stm32.11.3.rel1.win32_1.1.0.202305231506/tools/bin/../lib/gcc/arm-none-eabi/11.3.1/../../../../arm-none-eabi/lib/thumb/v8-m.main+fp/hard\libc_nano.a(libc_a-strlen.o)
                0x0000000008000234                strlen
 .text          0x0000000008000244       0x30 C:/ST/STM32CubeIDE_1.13.1/STM32CubeIDE/plugins/com.st.stm32cube.ide.mcu.externaltools.gnu-tools-for-stm32.11.3.rel1.win32_1.1.0.202305231506/tools/bin/../lib/gcc/arm-none-eabi/11.3.1/thumb/v8-m.main+fp/hard\libgcc.a(_aeabi_uldivmod.o)
                0x0000000008000244                __aeabi_uldivmod
 .text          0x0000000008000274      0x2ec C:/ST/STM32CubeIDE_1.13.1/STM32CubeIDE/plugins/com.st.stm32cube.ide.mcu.externaltools.gnu-tools-for-stm32.11.3.rel1.win32_1.1.0.202305231506/tools/bin/../lib/gcc/arm-none-eabi/11.3.1/thumb/v8-m.main+fp/hard\libgcc.a(_udivmoddi4.o)
                0x0000000008000274                __udivmoddi4
 .text          0x0000000008000560        0x4 C:/ST/STM32CubeIDE_1.13.1/STM32CubeIDE/plugins/com.st.stm32cube.ide.mcu.externaltools.gnu-tools-for-stm32.11.3.rel1.win32_1.1.0.202305231506/tools/bin/../lib/gcc/arm-none-eabi/11.3.1/thumb/v8-m.main+fp/hard\libgcc.a(_dvmd_tls.o)
                0x0000000008000560                __aeabi_idiv0
                0x0000000008000560                __aeabi_ldiv0
 *(.text*)
 .text.__NVIC_EnableIRQ
                0x0000000008000564       0x3c ./Core/Src/main.o
 .text.main     0x00000000080005a0      0x950 ./Core/Src/main.o
                0x00000000080005a0                main
 .text.SystemClock_Config
                0x0000000008000ef0       0xa4 ./Core/Src/main.o
                0x0000000008000ef0                SystemClock_Config
 .text.MX_ICACHE_Init
                0x0000000008000f94       0x26 ./Core/Src/main.o
 *fill*         0x0000000008000fba        0x2 
 .text.MX_LPUART1_UART_Init
                0x0000000008000fbc       0x98 ./Core/Src/main.o
 .text.MX_GPIO_Init
                0x0000000008001054      0x194 ./Core/Src/main.o
 .text.SPI1_IRQHandler
                0x00000000080011e8       0xe4 ./Core/Src/main.o
                0x00000000080011e8                SPI1_IRQHandler
 .text.SPI_Config
                0x00000000080012cc       0x74 ./Core/Src/main.o
                0x00000000080012cc                SPI_Config
 .text.SPI_GPIO_Config
                0x0000000008001340       0x58 ./Core/Src/main.o
                0x0000000008001340                SPI_GPIO_Config
 .text.LED_GPIO_Config
                0x0000000008001398       0x40 ./Core/Src/main.o
                0x0000000008001398                LED_GPIO_Config
 .text.LED_GPIO_On
                0x00000000080013d8       0x20 ./Core/Src/main.o
                0x00000000080013d8                LED_GPIO_On
 .text.LED_GPIO_Off
                0x00000000080013f8       0x20 ./Core/Src/main.o
                0x00000000080013f8                LED_GPIO_Off
 .text.RED_LED_GPIO_On
                0x0000000008001418       0x20 ./Core/Src/main.o
                0x0000000008001418                RED_LED_GPIO_On
 .text.fix_index
                0x0000000008001438       0x38 ./Core/Src/main.o
                0x0000000008001438                fix_index
 .text.Error_Handler
                0x0000000008001470        0xa ./Core/Src/main.o
                0x0000000008001470                Error_Handler
 *fill*         0x000000000800147a        0x2 
 .text.HAL_MspInit
                0x000000000800147c       0x48 ./Core/Src/stm32l5xx_hal_msp.o
                0x000000000800147c                HAL_MspInit
 .text.HAL_UART_MspInit
                0x00000000080014c4       0xc0 ./Core/Src/stm32l5xx_hal_msp.o
                0x00000000080014c4                HAL_UART_MspInit
 .text.NMI_Handler
                0x0000000008001584        0x6 ./Core/Src/stm32l5xx_it.o
                0x0000000008001584                NMI_Handler
 .text.HardFault_Handler
                0x000000000800158a        0x6 ./Core/Src/stm32l5xx_it.o
                0x000000000800158a                HardFault_Handler
 .text.MemManage_Handler
                0x0000000008001590        0x6 ./Core/Src/stm32l5xx_it.o
                0x0000000008001590                MemManage_Handler
 .text.BusFault_Handler
                0x0000000008001596        0x6 ./Core/Src/stm32l5xx_it.o
                0x0000000008001596                BusFault_Handler
 .text.UsageFault_Handler
                0x000000000800159c        0x6 ./Core/Src/stm32l5xx_it.o
                0x000000000800159c                UsageFault_Handler
 .text.SVC_Handler
                0x00000000080015a2        0xe ./Core/Src/stm32l5xx_it.o
                0x00000000080015a2                SVC_Handler
 .text.DebugMon_Handler
                0x00000000080015b0        0xe ./Core/Src/stm32l5xx_it.o
                0x00000000080015b0                DebugMon_Handler
 .text.PendSV_Handler
                0x00000000080015be        0xe ./Core/Src/stm32l5xx_it.o
                0x00000000080015be                PendSV_Handler
 .text.SysTick_Handler
                0x00000000080015cc        0xc ./Core/Src/stm32l5xx_it.o
                0x00000000080015cc                SysTick_Handler
 .text._sbrk    0x00000000080015d8       0x6c ./Core/Src/sysmem.o
                0x00000000080015d8                _sbrk
 .text.SystemInit
                0x0000000008001644       0x24 ./Core/Src/system_stm32l5xx.o
                0x0000000008001644                SystemInit
 .text.SystemCoreClockUpdate
                0x0000000008001668      0x15c ./Core/Src/system_stm32l5xx.o
                0x0000000008001668                SystemCoreClockUpdate
 .text.Reset_Handler
                0x00000000080017c4       0x50 ./Core/Startup/startup_stm32l552zetxq.o
                0x00000000080017c4                Reset_Handler
 .text.Default_Handler
                0x0000000008001814        0x2 ./Core/Startup/startup_stm32l552zetxq.o
                0x0000000008001814                EXTI2_IRQHandler
                0x0000000008001814                TIM8_TRG_COM_IRQHandler
                0x0000000008001814                TIM8_CC_IRQHandler
                0x0000000008001814                EXTI5_IRQHandler
                0x0000000008001814                FLASH_S_IRQHandler
                0x0000000008001814                EXTI13_IRQHandler
                0x0000000008001814                TIM1_CC_IRQHandler
                0x0000000008001814                TSC_IRQHandler
                0x0000000008001814                TAMP_IRQHandler
                0x0000000008001814                TIM6_IRQHandler
                0x0000000008001814                EXTI12_IRQHandler
                0x0000000008001814                DMA2_Channel8_IRQHandler
                0x0000000008001814                EXTI3_IRQHandler
                0x0000000008001814                EXTI8_IRQHandler
                0x0000000008001814                LPTIM2_IRQHandler
                0x0000000008001814                DFSDM1_FLT1_IRQHandler
                0x0000000008001814                USB_FS_IRQHandler
                0x0000000008001814                I2C3_ER_IRQHandler
                0x0000000008001814                DFSDM1_FLT2_IRQHandler
                0x0000000008001814                DMAMUX1_IRQHandler
                0x0000000008001814                LPTIM3_IRQHandler
                0x0000000008001814                EXTI0_IRQHandler
                0x0000000008001814                I2C2_EV_IRQHandler
                0x0000000008001814                FPU_IRQHandler
                0x0000000008001814                FDCAN1_IT1_IRQHandler
                0x0000000008001814                ADC1_2_IRQHandler
                0x0000000008001814                OCTOSPI1_IRQHandler
                0x0000000008001814                TIM8_UP_IRQHandler
                0x0000000008001814                RCC_S_IRQHandler
                0x0000000008001814                DMA2_Channel2_IRQHandler
                0x0000000008001814                DMA1_Channel4_IRQHandler
                0x0000000008001814                SAI2_IRQHandler
                0x0000000008001814                DFSDM1_FLT3_IRQHandler
                0x0000000008001814                EXTI15_IRQHandler
                0x0000000008001814                TIM17_IRQHandler
                0x0000000008001814                USART3_IRQHandler
                0x0000000008001814                RTC_IRQHandler
                0x0000000008001814                EXTI9_IRQHandler
                0x0000000008001814                DMA1_Channel7_IRQHandler
                0x0000000008001814                UART5_IRQHandler
                0x0000000008001814                TIM4_IRQHandler
                0x0000000008001814                DMA2_Channel1_IRQHandler
                0x0000000008001814                I2C1_EV_IRQHandler
                0x0000000008001814                DMA1_Channel6_IRQHandler
                0x0000000008001814                TIM16_IRQHandler
                0x0000000008001814                UART4_IRQHandler
                0x0000000008001814                DMA2_Channel4_IRQHandler
                0x0000000008001814                SecureFault_Handler
                0x0000000008001814                TIM3_IRQHandler
                0x0000000008001814                RCC_IRQHandler
                0x0000000008001814                TIM1_TRG_COM_IRQHandler
                0x0000000008001814                DMA1_Channel1_IRQHandler
                0x0000000008001814                Default_Handler
                0x0000000008001814                DMA2_Channel7_IRQHandler
                0x0000000008001814                DMA1_Channel8_IRQHandler
                0x0000000008001814                TIM7_IRQHandler
                0x0000000008001814                SDMMC1_IRQHandler
                0x0000000008001814                TIM5_IRQHandler
                0x0000000008001814                UCPD1_IRQHandler
                0x0000000008001814                TIM15_IRQHandler
                0x0000000008001814                I2C3_EV_IRQHandler
                0x0000000008001814                PVD_PVM_IRQHandler
                0x0000000008001814                SPI2_IRQHandler
                0x0000000008001814                EXTI14_IRQHandler
                0x0000000008001814                EXTI11_IRQHandler
                0x0000000008001814                DMA2_Channel5_IRQHandler
                0x0000000008001814                CRS_IRQHandler
                0x0000000008001814                DMA1_Channel5_IRQHandler
                0x0000000008001814                EXTI4_IRQHandler
                0x0000000008001814                RTC_S_IRQHandler
                0x0000000008001814                RNG_IRQHandler
                0x0000000008001814                DMAMUX1_S_IRQHandler
                0x0000000008001814                DMA1_Channel3_IRQHandler
                0x0000000008001814                COMP_IRQHandler
                0x0000000008001814                TIM1_UP_IRQHandler
                0x0000000008001814                WWDG_IRQHandler
                0x0000000008001814                I2C4_EV_IRQHandler
                0x0000000008001814                LPUART1_IRQHandler
                0x0000000008001814                DMA2_Channel6_IRQHandler
                0x0000000008001814                FDCAN1_IT0_IRQHandler
                0x0000000008001814                TIM2_IRQHandler
                0x0000000008001814                TAMP_S_IRQHandler
                0x0000000008001814                EXTI7_IRQHandler
                0x0000000008001814                TIM1_BRK_IRQHandler
                0x0000000008001814                DAC_IRQHandler
                0x0000000008001814                EXTI1_IRQHandler
                0x0000000008001814                GTZC_IRQHandler
                0x0000000008001814                USART2_IRQHandler
                0x0000000008001814                DFSDM1_FLT0_IRQHandler
                0x0000000008001814                I2C2_ER_IRQHandler
                0x0000000008001814                DMA1_Channel2_IRQHandler
                0x0000000008001814                TIM8_BRK_IRQHandler
                0x0000000008001814                FLASH_IRQHandler
                0x0000000008001814                USART1_IRQHandler
                0x0000000008001814                EXTI10_IRQHandler
                0x0000000008001814                SPI3_IRQHandler
                0x0000000008001814                I2C1_ER_IRQHandler
                0x0000000008001814                FMC_IRQHandler
                0x0000000008001814                EXTI6_IRQHandler
                0x0000000008001814                LPTIM1_IRQHandler
                0x0000000008001814                I2C4_ER_IRQHandler
                0x0000000008001814                ICACHE_IRQHandler
                0x0000000008001814                SAI1_IRQHandler
                0x0000000008001814                HASH_IRQHandler
                0x0000000008001814                DMA2_Channel3_IRQHandler
 .text.HAL_Init
                0x0000000008001816       0x34 ./Drivers/STM32L5xx_HAL_Driver/Src/stm32l5xx_hal.o
                0x0000000008001816                HAL_Init
 *fill*         0x000000000800184a        0x2 
 .text.HAL_InitTick
                0x000000000800184c       0x78 ./Drivers/STM32L5xx_HAL_Driver/Src/stm32l5xx_hal.o
                0x000000000800184c                HAL_InitTick
 .text.HAL_IncTick
                0x00000000080018c4       0x28 ./Drivers/STM32L5xx_HAL_Driver/Src/stm32l5xx_hal.o
                0x00000000080018c4                HAL_IncTick
 .text.HAL_GetTick
                0x00000000080018ec       0x18 ./Drivers/STM32L5xx_HAL_Driver/Src/stm32l5xx_hal.o
                0x00000000080018ec                HAL_GetTick
 .text.HAL_Delay
                0x0000000008001904       0x48 ./Drivers/STM32L5xx_HAL_Driver/Src/stm32l5xx_hal.o
                0x0000000008001904                HAL_Delay
 .text.__NVIC_SetPriorityGrouping
                0x000000000800194c       0x48 ./Drivers/STM32L5xx_HAL_Driver/Src/stm32l5xx_hal_cortex.o
 .text.__NVIC_GetPriorityGrouping
                0x0000000008001994       0x1c ./Drivers/STM32L5xx_HAL_Driver/Src/stm32l5xx_hal_cortex.o
 .text.__NVIC_SetPriority
                0x00000000080019b0       0x54 ./Drivers/STM32L5xx_HAL_Driver/Src/stm32l5xx_hal_cortex.o
 .text.NVIC_EncodePriority
                0x0000000008001a04       0x66 ./Drivers/STM32L5xx_HAL_Driver/Src/stm32l5xx_hal_cortex.o
 *fill*         0x0000000008001a6a        0x2 
 .text.SysTick_Config
                0x0000000008001a6c       0x44 ./Drivers/STM32L5xx_HAL_Driver/Src/stm32l5xx_hal_cortex.o
 .text.HAL_NVIC_SetPriorityGrouping
                0x0000000008001ab0       0x16 ./Drivers/STM32L5xx_HAL_Driver/Src/stm32l5xx_hal_cortex.o
                0x0000000008001ab0                HAL_NVIC_SetPriorityGrouping
 .text.HAL_NVIC_SetPriority
                0x0000000008001ac6       0x34 ./Drivers/STM32L5xx_HAL_Driver/Src/stm32l5xx_hal_cortex.o
                0x0000000008001ac6                HAL_NVIC_SetPriority
 .text.HAL_SYSTICK_Config
                0x0000000008001afa       0x18 ./Drivers/STM32L5xx_HAL_Driver/Src/stm32l5xx_hal_cortex.o
                0x0000000008001afa                HAL_SYSTICK_Config
 *fill*         0x0000000008001b12        0x2 
 .text.HAL_GPIO_Init
                0x0000000008001b14      0x300 ./Drivers/STM32L5xx_HAL_Driver/Src/stm32l5xx_hal_gpio.o
                0x0000000008001b14                HAL_GPIO_Init
 .text.HAL_GPIO_WritePin
                0x0000000008001e14       0x30 ./Drivers/STM32L5xx_HAL_Driver/Src/stm32l5xx_hal_gpio.o
                0x0000000008001e14                HAL_GPIO_WritePin
 .text.HAL_ICACHE_ConfigAssociativityMode
                0x0000000008001e44       0x40 ./Drivers/STM32L5xx_HAL_Driver/Src/stm32l5xx_hal_icache.o
                0x0000000008001e44                HAL_ICACHE_ConfigAssociativityMode
 .text.HAL_ICACHE_Enable
                0x0000000008001e84       0x20 ./Drivers/STM32L5xx_HAL_Driver/Src/stm32l5xx_hal_icache.o
                0x0000000008001e84                HAL_ICACHE_Enable
 .text.HAL_PWREx_GetVoltageRange
                0x0000000008001ea4       0x1c ./Drivers/STM32L5xx_HAL_Driver/Src/stm32l5xx_hal_pwr_ex.o
                0x0000000008001ea4                HAL_PWREx_GetVoltageRange
 .text.HAL_PWREx_ControlVoltageScaling
                0x0000000008001ec0       0xb8 ./Drivers/STM32L5xx_HAL_Driver/Src/stm32l5xx_hal_pwr_ex.o
                0x0000000008001ec0                HAL_PWREx_ControlVoltageScaling
 .text.HAL_PWREx_EnableVddIO2
                0x0000000008001f78       0x20 ./Drivers/STM32L5xx_HAL_Driver/Src/stm32l5xx_hal_pwr_ex.o
                0x0000000008001f78                HAL_PWREx_EnableVddIO2
 .text.HAL_PWREx_SMPS_GetEffectiveMode
                0x0000000008001f98       0x48 ./Drivers/STM32L5xx_HAL_Driver/Src/stm32l5xx_hal_pwr_ex.o
                0x0000000008001f98                HAL_PWREx_SMPS_GetEffectiveMode
 .text.HAL_RCC_OscConfig
                0x0000000008001fe0      0x9ac ./Drivers/STM32L5xx_HAL_Driver/Src/stm32l5xx_hal_rcc.o
                0x0000000008001fe0                HAL_RCC_OscConfig
 .text.HAL_RCC_ClockConfig
                0x000000000800298c      0x270 ./Drivers/STM32L5xx_HAL_Driver/Src/stm32l5xx_hal_rcc.o
                0x000000000800298c                HAL_RCC_ClockConfig
 .text.HAL_RCC_GetSysClockFreq
                0x0000000008002bfc      0x13c ./Drivers/STM32L5xx_HAL_Driver/Src/stm32l5xx_hal_rcc.o
                0x0000000008002bfc                HAL_RCC_GetSysClockFreq
 .text.HAL_RCC_GetHCLKFreq
                0x0000000008002d38       0x28 ./Drivers/STM32L5xx_HAL_Driver/Src/stm32l5xx_hal_rcc.o
                0x0000000008002d38                HAL_RCC_GetHCLKFreq
 .text.HAL_RCC_GetPCLK1Freq
                0x0000000008002d60       0x28 ./Drivers/STM32L5xx_HAL_Driver/Src/stm32l5xx_hal_rcc.o
                0x0000000008002d60                HAL_RCC_GetPCLK1Freq
 .text.HAL_RCC_GetPCLK2Freq
                0x0000000008002d88       0x28 ./Drivers/STM32L5xx_HAL_Driver/Src/stm32l5xx_hal_rcc.o
                0x0000000008002d88                HAL_RCC_GetPCLK2Freq
 .text.RCC_SetFlashLatencyFromMSIRange
                0x0000000008002db0       0xc8 ./Drivers/STM32L5xx_HAL_Driver/Src/stm32l5xx_hal_rcc.o
 .text.RCC_GetSysClockFreqFromPLLSource
                0x0000000008002e78       0xdc ./Drivers/STM32L5xx_HAL_Driver/Src/stm32l5xx_hal_rcc.o
 .text.HAL_RCCEx_PeriphCLKConfig
                0x0000000008002f54      0x708 ./Drivers/STM32L5xx_HAL_Driver/Src/stm32l5xx_hal_rcc_ex.o
                0x0000000008002f54                HAL_RCCEx_PeriphCLKConfig
 .text.RCCEx_PLLSAI1_Config
                0x000000000800365c      0x1cc ./Drivers/STM32L5xx_HAL_Driver/Src/stm32l5xx_hal_rcc_ex.o
 .text.RCCEx_PLLSAI2_Config
                0x0000000008003828      0x158 ./Drivers/STM32L5xx_HAL_Driver/Src/stm32l5xx_hal_rcc_ex.o
 .text.HAL_UART_Init
                0x0000000008003980       0xa0 ./Drivers/STM32L5xx_HAL_Driver/Src/stm32l5xx_hal_uart.o
                0x0000000008003980                HAL_UART_Init
 .text.HAL_UART_Transmit
                0x0000000008003a20      0x11c ./Drivers/STM32L5xx_HAL_Driver/Src/stm32l5xx_hal_uart.o
                0x0000000008003a20                HAL_UART_Transmit
 .text.UART_SetConfig
                0x0000000008003b3c      0x600 ./Drivers/STM32L5xx_HAL_Driver/Src/stm32l5xx_hal_uart.o
                0x0000000008003b3c                UART_SetConfig
 .text.UART_AdvFeatureConfig
                0x000000000800413c      0x144 ./Drivers/STM32L5xx_HAL_Driver/Src/stm32l5xx_hal_uart.o
                0x000000000800413c                UART_AdvFeatureConfig
 .text.UART_CheckIdleState
                0x0000000008004280      0x154 ./Drivers/STM32L5xx_HAL_Driver/Src/stm32l5xx_hal_uart.o
                0x0000000008004280                UART_CheckIdleState
 .text.UART_WaitOnFlagUntilTimeout
                0x00000000080043d4       0xce ./Drivers/STM32L5xx_HAL_Driver/Src/stm32l5xx_hal_uart.o
                0x00000000080043d4                UART_WaitOnFlagUntilTimeout
 .text.UART_EndRxTransfer
                0x00000000080044a2       0xcc ./Drivers/STM32L5xx_HAL_Driver/Src/stm32l5xx_hal_uart.o
 .text.HAL_UARTEx_DisableFifoMode
                0x000000000800456e       0x72 ./Drivers/STM32L5xx_HAL_Driver/Src/stm32l5xx_hal_uart_ex.o
                0x000000000800456e                HAL_UARTEx_DisableFifoMode
 .text.HAL_UARTEx_SetTxFifoThreshold
                0x00000000080045e0       0x7c ./Drivers/STM32L5xx_HAL_Driver/Src/stm32l5xx_hal_uart_ex.o
                0x00000000080045e0                HAL_UARTEx_SetTxFifoThreshold
 .text.HAL_UARTEx_SetRxFifoThreshold
                0x000000000800465c       0x7c ./Drivers/STM32L5xx_HAL_Driver/Src/stm32l5xx_hal_uart_ex.o
                0x000000000800465c                HAL_UARTEx_SetRxFifoThreshold
 .text.UARTEx_SetNbDataToProcess
                0x00000000080046d8       0x9c ./Drivers/STM32L5xx_HAL_Driver/Src/stm32l5xx_hal_uart_ex.o
 .text.snprintf
                0x0000000008004774       0x68 C:/ST/STM32CubeIDE_1.13.1/STM32CubeIDE/plugins/com.st.stm32cube.ide.mcu.externaltools.gnu-tools-for-stm32.11.3.rel1.win32_1.1.0.202305231506/tools/bin/../lib/gcc/arm-none-eabi/11.3.1/../../../../arm-none-eabi/lib/thumb/v8-m.main+fp/hard\libc_nano.a(libc_a-snprintf.o)
                0x0000000008004774                sniprintf
                0x0000000008004774                snprintf
 .text.sprintf  0x00000000080047dc       0x40 C:/ST/STM32CubeIDE_1.13.1/STM32CubeIDE/plugins/com.st.stm32cube.ide.mcu.externaltools.gnu-tools-for-stm32.11.3.rel1.win32_1.1.0.202305231506/tools/bin/../lib/gcc/arm-none-eabi/11.3.1/../../../../arm-none-eabi/lib/thumb/v8-m.main+fp/hard\libc_nano.a(libc_a-sprintf.o)
                0x00000000080047dc                siprintf
                0x00000000080047dc                sprintf
 .text.memset   0x000000000800481c       0x10 C:/ST/STM32CubeIDE_1.13.1/STM32CubeIDE/plugins/com.st.stm32cube.ide.mcu.externaltools.gnu-tools-for-stm32.11.3.rel1.win32_1.1.0.202305231506/tools/bin/../lib/gcc/arm-none-eabi/11.3.1/../../../../arm-none-eabi/lib/thumb/v8-m.main+fp/hard\libc_nano.a(libc_a-memset.o)
                0x000000000800481c                memset
 .text.__errno  0x000000000800482c        0xc C:/ST/STM32CubeIDE_1.13.1/STM32CubeIDE/plugins/com.st.stm32cube.ide.mcu.externaltools.gnu-tools-for-stm32.11.3.rel1.win32_1.1.0.202305231506/tools/bin/../lib/gcc/arm-none-eabi/11.3.1/../../../../arm-none-eabi/lib/thumb/v8-m.main+fp/hard\libc_nano.a(libc_a-errno.o)
                0x000000000800482c                __errno
 .text.__libc_init_array
                0x0000000008004838       0x48 C:/ST/STM32CubeIDE_1.13.1/STM32CubeIDE/plugins/com.st.stm32cube.ide.mcu.externaltools.gnu-tools-for-stm32.11.3.rel1.win32_1.1.0.202305231506/tools/bin/../lib/gcc/arm-none-eabi/11.3.1/../../../../arm-none-eabi/lib/thumb/v8-m.main+fp/hard\libc_nano.a(libc_a-init.o)
                0x0000000008004838                __libc_init_array
 .text.__retarget_lock_acquire_recursive
                0x0000000008004880        0x2 C:/ST/STM32CubeIDE_1.13.1/STM32CubeIDE/plugins/com.st.stm32cube.ide.mcu.externaltools.gnu-tools-for-stm32.11.3.rel1.win32_1.1.0.202305231506/tools/bin/../lib/gcc/arm-none-eabi/11.3.1/../../../../arm-none-eabi/lib/thumb/v8-m.main+fp/hard\libc_nano.a(libc_a-lock.o)
                0x0000000008004880                __retarget_lock_acquire_recursive
 .text.__retarget_lock_release_recursive
                0x0000000008004882        0x2 C:/ST/STM32CubeIDE_1.13.1/STM32CubeIDE/plugins/com.st.stm32cube.ide.mcu.externaltools.gnu-tools-for-stm32.11.3.rel1.win32_1.1.0.202305231506/tools/bin/../lib/gcc/arm-none-eabi/11.3.1/../../../../arm-none-eabi/lib/thumb/v8-m.main+fp/hard\libc_nano.a(libc_a-lock.o)
                0x0000000008004882                __retarget_lock_release_recursive
 .text._free_r  0x0000000008004884       0x98 C:/ST/STM32CubeIDE_1.13.1/STM32CubeIDE/plugins/com.st.stm32cube.ide.mcu.externaltools.gnu-tools-for-stm32.11.3.rel1.win32_1.1.0.202305231506/tools/bin/../lib/gcc/arm-none-eabi/11.3.1/../../../../arm-none-eabi/lib/thumb/v8-m.main+fp/hard\libc_nano.a(libc_a-freer.o)
                0x0000000008004884                _free_r
 .text.sbrk_aligned
                0x000000000800491c       0x40 C:/ST/STM32CubeIDE_1.13.1/STM32CubeIDE/plugins/com.st.stm32cube.ide.mcu.externaltools.gnu-tools-for-stm32.11.3.rel1.win32_1.1.0.202305231506/tools/bin/../lib/gcc/arm-none-eabi/11.3.1/../../../../arm-none-eabi/lib/thumb/v8-m.main+fp/hard\libc_nano.a(libc_a-mallocr.o)
 .text._malloc_r
                0x000000000800495c      0x100 C:/ST/STM32CubeIDE_1.13.1/STM32CubeIDE/plugins/com.st.stm32cube.ide.mcu.externaltools.gnu-tools-for-stm32.11.3.rel1.win32_1.1.0.202305231506/tools/bin/../lib/gcc/arm-none-eabi/11.3.1/../../../../arm-none-eabi/lib/thumb/v8-m.main+fp/hard\libc_nano.a(libc_a-mallocr.o)
                0x000000000800495c                _malloc_r
 .text.__malloc_lock
                0x0000000008004a5c        0xc C:/ST/STM32CubeIDE_1.13.1/STM32CubeIDE/plugins/com.st.stm32cube.ide.mcu.externaltools.gnu-tools-for-stm32.11.3.rel1.win32_1.1.0.202305231506/tools/bin/../lib/gcc/arm-none-eabi/11.3.1/../../../../arm-none-eabi/lib/thumb/v8-m.main+fp/hard\libc_nano.a(libc_a-mlock.o)
                0x0000000008004a5c                __malloc_lock
 .text.__malloc_unlock
                0x0000000008004a68        0xc C:/ST/STM32CubeIDE_1.13.1/STM32CubeIDE/plugins/com.st.stm32cube.ide.mcu.externaltools.gnu-tools-for-stm32.11.3.rel1.win32_1.1.0.202305231506/tools/bin/../lib/gcc/arm-none-eabi/11.3.1/../../../../arm-none-eabi/lib/thumb/v8-m.main+fp/hard\libc_nano.a(libc_a-mlock.o)
                0x0000000008004a68                __malloc_unlock
 .text.__ssputs_r
                0x0000000008004a74       0xb4 C:/ST/STM32CubeIDE_1.13.1/STM32CubeIDE/plugins/com.st.stm32cube.ide.mcu.externaltools.gnu-tools-for-stm32.11.3.rel1.win32_1.1.0.202305231506/tools/bin/../lib/gcc/arm-none-eabi/11.3.1/../../../../arm-none-eabi/lib/thumb/v8-m.main+fp/hard\libc_nano.a(libc_a-nano-svfprintf.o)
                0x0000000008004a74                __ssputs_r
 .text._svfprintf_r
                0x0000000008004b28      0x1fc C:/ST/STM32CubeIDE_1.13.1/STM32CubeIDE/plugins/com.st.stm32cube.ide.mcu.externaltools.gnu-tools-for-stm32.11.3.rel1.win32_1.1.0.202305231506/tools/bin/../lib/gcc/arm-none-eabi/11.3.1/../../../../arm-none-eabi/lib/thumb/v8-m.main+fp/hard\libc_nano.a(libc_a-nano-svfprintf.o)
                0x0000000008004b28                _svfiprintf_r
                0x0000000008004b28                _svfprintf_r
 .text._printf_common
                0x0000000008004d24       0xe4 C:/ST/STM32CubeIDE_1.13.1/STM32CubeIDE/plugins/com.st.stm32cube.ide.mcu.externaltools.gnu-tools-for-stm32.11.3.rel1.win32_1.1.0.202305231506/tools/bin/../lib/gcc/arm-none-eabi/11.3.1/../../../../arm-none-eabi/lib/thumb/v8-m.main+fp/hard\libc_nano.a(libc_a-nano-vfprintf_i.o)
                0x0000000008004d24                _printf_common
 .text._printf_i
                0x0000000008004e08      0x240 C:/ST/STM32CubeIDE_1.13.1/STM32CubeIDE/plugins/com.st.stm32cube.ide.mcu.externaltools.gnu-tools-for-stm32.11.3.rel1.win32_1.1.0.202305231506/tools/bin/../lib/gcc/arm-none-eabi/11.3.1/../../../../arm-none-eabi/lib/thumb/v8-m.main+fp/hard\libc_nano.a(libc_a-nano-vfprintf_i.o)
                0x0000000008004e08                _printf_i
 .text.memmove  0x0000000008005048       0x34 C:/ST/STM32CubeIDE_1.13.1/STM32CubeIDE/plugins/com.st.stm32cube.ide.mcu.externaltools.gnu-tools-for-stm32.11.3.rel1.win32_1.1.0.202305231506/tools/bin/../lib/gcc/arm-none-eabi/11.3.1/../../../../arm-none-eabi/lib/thumb/v8-m.main+fp/hard\libc_nano.a(libc_a-memmove.o)
                0x0000000008005048                memmove
 .text._sbrk_r  0x000000000800507c       0x20 C:/ST/STM32CubeIDE_1.13.1/STM32CubeIDE/plugins/com.st.stm32cube.ide.mcu.externaltools.gnu-tools-for-stm32.11.3.rel1.win32_1.1.0.202305231506/tools/bin/../lib/gcc/arm-none-eabi/11.3.1/../../../../arm-none-eabi/lib/thumb/v8-m.main+fp/hard\libc_nano.a(libc_a-sbrkr.o)
                0x000000000800507c                _sbrk_r
 .text.memchr   0x000000000800509c       0x1c C:/ST/STM32CubeIDE_1.13.1/STM32CubeIDE/plugins/com.st.stm32cube.ide.mcu.externaltools.gnu-tools-for-stm32.11.3.rel1.win32_1.1.0.202305231506/tools/bin/../lib/gcc/arm-none-eabi/11.3.1/../../../../arm-none-eabi/lib/thumb/v8-m.main+fp/hard\libc_nano.a(libc_a-memchr-stub.o)
                0x000000000800509c                memchr
 .text.memcpy   0x00000000080050b8       0x1a C:/ST/STM32CubeIDE_1.13.1/STM32CubeIDE/plugins/com.st.stm32cube.ide.mcu.externaltools.gnu-tools-for-stm32.11.3.rel1.win32_1.1.0.202305231506/tools/bin/../lib/gcc/arm-none-eabi/11.3.1/../../../../arm-none-eabi/lib/thumb/v8-m.main+fp/hard\libc_nano.a(libc_a-memcpy-stub.o)
                0x00000000080050b8                memcpy
 .text._realloc_r
                0x00000000080050d2       0x5e C:/ST/STM32CubeIDE_1.13.1/STM32CubeIDE/plugins/com.st.stm32cube.ide.mcu.externaltools.gnu-tools-for-stm32.11.3.rel1.win32_1.1.0.202305231506/tools/bin/../lib/gcc/arm-none-eabi/11.3.1/../../../../arm-none-eabi/lib/thumb/v8-m.main+fp/hard\libc_nano.a(libc_a-reallocr.o)
                0x00000000080050d2                _realloc_r
 .text._malloc_usable_size_r
                0x0000000008005130       0x10 C:/ST/STM32CubeIDE_1.13.1/STM32CubeIDE/plugins/com.st.stm32cube.ide.mcu.externaltools.gnu-tools-for-stm32.11.3.rel1.win32_1.1.0.202305231506/tools/bin/../lib/gcc/arm-none-eabi/11.3.1/../../../../arm-none-eabi/lib/thumb/v8-m.main+fp/hard\libc_nano.a(libc_a-msizer.o)
                0x0000000008005130                _malloc_usable_size_r
 *(.glue_7)
 .glue_7        0x0000000008005140        0x0 linker stubs
 *(.glue_7t)
 .glue_7t       0x0000000008005140        0x0 linker stubs
 *(.eh_frame)
 .eh_frame      0x0000000008005140        0x0 C:/ST/STM32CubeIDE_1.13.1/STM32CubeIDE/plugins/com.st.stm32cube.ide.mcu.externaltools.gnu-tools-for-stm32.11.3.rel1.win32_1.1.0.202305231506/tools/bin/../lib/gcc/arm-none-eabi/11.3.1/thumb/v8-m.main+fp/hard/crtbegin.o
 *(.init)
 .init          0x0000000008005140        0x4 C:/ST/STM32CubeIDE_1.13.1/STM32CubeIDE/plugins/com.st.stm32cube.ide.mcu.externaltools.gnu-tools-for-stm32.11.3.rel1.win32_1.1.0.202305231506/tools/bin/../lib/gcc/arm-none-eabi/11.3.1/thumb/v8-m.main+fp/hard/crti.o
                0x0000000008005140                _init
 .init          0x0000000008005144        0x8 C:/ST/STM32CubeIDE_1.13.1/STM32CubeIDE/plugins/com.st.stm32cube.ide.mcu.externaltools.gnu-tools-for-stm32.11.3.rel1.win32_1.1.0.202305231506/tools/bin/../lib/gcc/arm-none-eabi/11.3.1/thumb/v8-m.main+fp/hard/crtn.o
 *(.fini)
 .fini          0x000000000800514c        0x4 C:/ST/STM32CubeIDE_1.13.1/STM32CubeIDE/plugins/com.st.stm32cube.ide.mcu.externaltools.gnu-tools-for-stm32.11.3.rel1.win32_1.1.0.202305231506/tools/bin/../lib/gcc/arm-none-eabi/11.3.1/thumb/v8-m.main+fp/hard/crti.o
                0x000000000800514c                _fini
 .fini          0x0000000008005150        0x8 C:/ST/STM32CubeIDE_1.13.1/STM32CubeIDE/plugins/com.st.stm32cube.ide.mcu.externaltools.gnu-tools-for-stm32.11.3.rel1.win32_1.1.0.202305231506/tools/bin/../lib/gcc/arm-none-eabi/11.3.1/thumb/v8-m.main+fp/hard/crtn.o
                0x0000000008005158                . = ALIGN (0x4)
                0x0000000008005158                _etext = .

.vfp11_veneer   0x0000000008005158        0x0
 .vfp11_veneer  0x0000000008005158        0x0 linker stubs

.v4_bx          0x0000000008005158        0x0
 .v4_bx         0x0000000008005158        0x0 linker stubs

.iplt           0x0000000008005158        0x0
 .iplt          0x0000000008005158        0x0 C:/ST/STM32CubeIDE_1.13.1/STM32CubeIDE/plugins/com.st.stm32cube.ide.mcu.externaltools.gnu-tools-for-stm32.11.3.rel1.win32_1.1.0.202305231506/tools/bin/../lib/gcc/arm-none-eabi/11.3.1/thumb/v8-m.main+fp/hard/crtbegin.o

.rodata         0x0000000008005158      0x198
                0x0000000008005158                . = ALIGN (0x4)
 *(.rodata)
 .rodata        0x0000000008005158       0xa0 ./Core/Src/main.o
 *(.rodata*)
 .rodata.CAN_DL_BITS
                0x00000000080051f8       0x44 ./Core/Src/main.o
                0x00000000080051f8                CAN_DL_BITS
 .rodata.AHBPrescTable
                0x000000000800523c       0x10 ./Core/Src/system_stm32l5xx.o
                0x000000000800523c                AHBPrescTable
 .rodata.APBPrescTable
                0x000000000800524c        0x8 ./Core/Src/system_stm32l5xx.o
                0x000000000800524c                APBPrescTable
 .rodata.MSIRangeTable
                0x0000000008005254       0x40 ./Core/Src/system_stm32l5xx.o
                0x0000000008005254                MSIRangeTable
 .rodata.UARTPrescTable
                0x0000000008005294       0x18 ./Drivers/STM32L5xx_HAL_Driver/Src/stm32l5xx_hal_uart.o
                0x0000000008005294                UARTPrescTable
 .rodata.numerator.1
                0x00000000080052ac        0x8 ./Drivers/STM32L5xx_HAL_Driver/Src/stm32l5xx_hal_uart_ex.o
 .rodata.denominator.0
                0x00000000080052b4        0x8 ./Drivers/STM32L5xx_HAL_Driver/Src/stm32l5xx_hal_uart_ex.o
 .rodata._svfprintf_r.str1.1
                0x00000000080052bc       0x11 C:/ST/STM32CubeIDE_1.13.1/STM32CubeIDE/plugins/com.st.stm32cube.ide.mcu.externaltools.gnu-tools-for-stm32.11.3.rel1.win32_1.1.0.202305231506/tools/bin/../lib/gcc/arm-none-eabi/11.3.1/../../../../arm-none-eabi/lib/thumb/v8-m.main+fp/hard\libc_nano.a(libc_a-nano-svfprintf.o)
 .rodata._printf_i.str1.1
                0x00000000080052cd       0x22 C:/ST/STM32CubeIDE_1.13.1/STM32CubeIDE/plugins/com.st.stm32cube.ide.mcu.externaltools.gnu-tools-for-stm32.11.3.rel1.win32_1.1.0.202305231506/tools/bin/../lib/gcc/arm-none-eabi/11.3.1/../../../../arm-none-eabi/lib/thumb/v8-m.main+fp/hard\libc_nano.a(libc_a-nano-vfprintf_i.o)
                0x00000000080052f0                . = ALIGN (0x4)
 *fill*         0x00000000080052ef        0x1 

.ARM.extab      0x00000000080052f0        0x0
                0x00000000080052f0                . = ALIGN (0x4)
 *(.ARM.extab* .gnu.linkonce.armextab.*)
                0x00000000080052f0                . = ALIGN (0x4)

.ARM            0x00000000080052f0        0x8
                0x00000000080052f0                . = ALIGN (0x4)
                0x00000000080052f0                __exidx_start = .
 *(.ARM.exidx*)
 .ARM.exidx     0x00000000080052f0        0x8 C:/ST/STM32CubeIDE_1.13.1/STM32CubeIDE/plugins/com.st.stm32cube.ide.mcu.externaltools.gnu-tools-for-stm32.11.3.rel1.win32_1.1.0.202305231506/tools/bin/../lib/gcc/arm-none-eabi/11.3.1/thumb/v8-m.main+fp/hard\libgcc.a(_udivmoddi4.o)
                0x00000000080052f8                __exidx_end = .
                0x00000000080052f8                . = ALIGN (0x4)

.rel.dyn        0x00000000080052f8        0x0
 .rel.iplt      0x00000000080052f8        0x0 C:/ST/STM32CubeIDE_1.13.1/STM32CubeIDE/plugins/com.st.stm32cube.ide.mcu.externaltools.gnu-tools-for-stm32.11.3.rel1.win32_1.1.0.202305231506/tools/bin/../lib/gcc/arm-none-eabi/11.3.1/thumb/v8-m.main+fp/hard/crtbegin.o

.preinit_array  0x00000000080052f8        0x0
                0x00000000080052f8                . = ALIGN (0x4)
                0x00000000080052f8                PROVIDE (__preinit_array_start = .)
 *(.preinit_array*)
                0x00000000080052f8                PROVIDE (__preinit_array_end = .)
                0x00000000080052f8                . = ALIGN (0x4)

.init_array     0x00000000080052f8        0x4
                0x00000000080052f8                . = ALIGN (0x4)
                0x00000000080052f8                PROVIDE (__init_array_start = .)
 *(SORT_BY_NAME(.init_array.*))
 *(.init_array*)
 .init_array    0x00000000080052f8        0x4 C:/ST/STM32CubeIDE_1.13.1/STM32CubeIDE/plugins/com.st.stm32cube.ide.mcu.externaltools.gnu-tools-for-stm32.11.3.rel1.win32_1.1.0.202305231506/tools/bin/../lib/gcc/arm-none-eabi/11.3.1/thumb/v8-m.main+fp/hard/crtbegin.o
                0x00000000080052fc                PROVIDE (__init_array_end = .)
                0x00000000080052fc                . = ALIGN (0x4)

.fini_array     0x00000000080052fc        0x4
                0x00000000080052fc                . = ALIGN (0x4)
                [!provide]                        PROVIDE (__fini_array_start = .)
 *(SORT_BY_NAME(.fini_array.*))
 *(.fini_array*)
 .fini_array    0x00000000080052fc        0x4 C:/ST/STM32CubeIDE_1.13.1/STM32CubeIDE/plugins/com.st.stm32cube.ide.mcu.externaltools.gnu-tools-for-stm32.11.3.rel1.win32_1.1.0.202305231506/tools/bin/../lib/gcc/arm-none-eabi/11.3.1/thumb/v8-m.main+fp/hard/crtbegin.o
                [!provide]                        PROVIDE (__fini_array_end = .)
                0x0000000008005300                . = ALIGN (0x4)
                0x0000000008005300                _sidata = LOADADDR (.data)

.data           0x0000000020000000       0x6c load address 0x0000000008005300
                0x0000000020000000                . = ALIGN (0x4)
                0x0000000020000000                _sdata = .
 *(.data)
 *(.data*)
 .data.bit      0x0000000020000000        0x1 ./Core/Src/main.o
                0x0000000020000000                bit
 .data.previousBit
                0x0000000020000001        0x1 ./Core/Src/main.o
                0x0000000020000001                previousBit
 .data.myInt    0x0000000020000002        0x1 ./Core/Src/main.o
                0x0000000020000002                myInt
 *fill*         0x0000000020000003        0x1 
 .data.p        0x0000000020000004        0x4 ./Core/Src/main.o
                0x0000000020000004                p
 .data.FIRST    0x0000000020000008        0x4 ./Core/Src/main.o
                0x0000000020000008                FIRST
 .data.protectedID
                0x000000002000000c        0x4 ./Core/Src/main.o
                0x000000002000000c                protectedID
 .data.SystemCoreClock
                0x0000000020000010        0x4 ./Core/Src/system_stm32l5xx.o
                0x0000000020000010                SystemCoreClock
 .data.uwTickPrio
                0x0000000020000014        0x4 ./Drivers/STM32L5xx_HAL_Driver/Src/stm32l5xx_hal.o
                0x0000000020000014                uwTickPrio
 .data.uwTickFreq
                0x0000000020000018        0x1 ./Drivers/STM32L5xx_HAL_Driver/Src/stm32l5xx_hal.o
                0x0000000020000018                uwTickFreq
 *fill*         0x0000000020000019        0x3 
 .data._impure_data
                0x000000002000001c       0x4c C:/ST/STM32CubeIDE_1.13.1/STM32CubeIDE/plugins/com.st.stm32cube.ide.mcu.externaltools.gnu-tools-for-stm32.11.3.rel1.win32_1.1.0.202305231506/tools/bin/../lib/gcc/arm-none-eabi/11.3.1/../../../../arm-none-eabi/lib/thumb/v8-m.main+fp/hard\libc_nano.a(libc_a-impure.o)
                0x000000002000001c                _impure_data
 .data._impure_ptr
                0x0000000020000068        0x4 C:/ST/STM32CubeIDE_1.13.1/STM32CubeIDE/plugins/com.st.stm32cube.ide.mcu.externaltools.gnu-tools-for-stm32.11.3.rel1.win32_1.1.0.202305231506/tools/bin/../lib/gcc/arm-none-eabi/11.3.1/../../../../arm-none-eabi/lib/thumb/v8-m.main+fp/hard\libc_nano.a(libc_a-impure.o)
                0x0000000020000068                _impure_ptr
 *(.RamFunc)
 *(.RamFunc*)
                0x000000002000006c                . = ALIGN (0x4)
                0x000000002000006c                _edata = .

.igot.plt       0x000000002000006c        0x0 load address 0x000000000800536c
 .igot.plt      0x000000002000006c        0x0 C:/ST/STM32CubeIDE_1.13.1/STM32CubeIDE/plugins/com.st.stm32cube.ide.mcu.externaltools.gnu-tools-for-stm32.11.3.rel1.win32_1.1.0.202305231506/tools/bin/../lib/gcc/arm-none-eabi/11.3.1/thumb/v8-m.main+fp/hard/crtbegin.o
                0x000000002000006c                . = ALIGN (0x4)

.bss            0x000000002000006c    0x21fe4 load address 0x000000000800536c
                0x000000002000006c                _sbss = .
                0x000000002000006c                __bss_start__ = _sbss
 *(.bss)
 .bss           0x000000002000006c       0x1c C:/ST/STM32CubeIDE_1.13.1/STM32CubeIDE/plugins/com.st.stm32cube.ide.mcu.externaltools.gnu-tools-for-stm32.11.3.rel1.win32_1.1.0.202305231506/tools/bin/../lib/gcc/arm-none-eabi/11.3.1/thumb/v8-m.main+fp/hard/crtbegin.o
 *(.bss*)
 .bss.hlpuart1  0x0000000020000088       0x94 ./Core/Src/main.o
                0x0000000020000088                hlpuart1
 .bss.data      0x000000002000011c     0x1388 ./Core/Src/main.o
                0x000000002000011c                data
 .bss.RxData    0x00000000200014a4        0x1 ./Core/Src/main.o
                0x00000000200014a4                RxData
 .bss.currentState
                0x00000000200014a5        0x1 ./Core/Src/main.o
                0x00000000200014a5                currentState
 .bss.STUFF     0x00000000200014a6        0x1 ./Core/Src/main.o
                0x00000000200014a6                STUFF
 .bss.PC        0x00000000200014a7        0x1 ./Core/Src/main.o
                0x00000000200014a7                PC
 .bss.BC        0x00000000200014a8        0x4 ./Core/Src/main.o
                0x00000000200014a8                BC
 .bss.CC        0x00000000200014ac        0x4 ./Core/Src/main.o
                0x00000000200014ac                CC
 .bss.formError
                0x00000000200014b0        0x1 ./Core/Src/main.o
                0x00000000200014b0                formError
 *fill*         0x00000000200014b1        0x3 
 .bss.TEC       0x00000000200014b4        0x4 ./Core/Src/main.o
                0x00000000200014b4                TEC
 .bss.IC        0x00000000200014b8        0x4 ./Core/Src/main.o
                0x00000000200014b8                IC
 .bss.DC        0x00000000200014bc        0x4 ./Core/Src/main.o
                0x00000000200014bc                DC
 .bss.RC        0x00000000200014c0        0x4 ./Core/Src/main.o
                0x00000000200014c0                RC
 .bss.RTRbit    0x00000000200014c4        0x1 ./Core/Src/main.o
                0x00000000200014c4                RTRbit
 .bss.IDEbit    0x00000000200014c5        0x1 ./Core/Src/main.o
                0x00000000200014c5                IDEbit
 .bss.ESIbit    0x00000000200014c6        0x1 ./Core/Src/main.o
                0x00000000200014c6                ESIbit
 .bss.BRSbit    0x00000000200014c7        0x1 ./Core/Src/main.o
                0x00000000200014c7                BRSbit
 .bss.CRC_LEN   0x00000000200014c8        0x1 ./Core/Src/main.o
                0x00000000200014c8                CRC_LEN
 .bss.CRC_STUFF
                0x00000000200014c9        0x1 ./Core/Src/main.o
                0x00000000200014c9                CRC_STUFF
 .bss.stuffedBit
                0x00000000200014ca        0x1 ./Core/Src/main.o
                0x00000000200014ca                stuffedBit
 *fill*         0x00000000200014cb        0x1 
 .bss.CurrentID
                0x00000000200014cc        0xb ./Core/Src/main.o
                0x00000000200014cc                CurrentID
 *fill*         0x00000000200014d7        0x1 
 .bss.currentDLC
                0x00000000200014d8        0x4 ./Core/Src/main.o
                0x00000000200014d8                currentDLC
 .bss.DL        0x00000000200014dc        0x1 ./Core/Src/main.o
                0x00000000200014dc                DL
 *fill*         0x00000000200014dd        0x3 
 .bss.currentPayload
                0x00000000200014e0      0x200 ./Core/Src/main.o
                0x00000000200014e0                currentPayload
 .bss.byteSize  0x00000000200016e0        0x4 ./Core/Src/main.o
                0x00000000200016e0                byteSize
 .bss.myRxFifo  0x00000000200016e4    0x10000 ./Core/Src/main.o
                0x00000000200016e4                myRxFifo
 .bss.readIndex
                0x00000000200116e4        0x4 ./Core/Src/main.o
                0x00000000200116e4                readIndex
 .bss.processIndex
                0x00000000200116e8        0x4 ./Core/Src/main.o
                0x00000000200116e8                processIndex
 .bss.bitStream
                0x00000000200116ec    0x10000 ./Core/Src/main.o
                0x00000000200116ec                bitStream
 .bss.currentID
                0x00000000200216ec        0x4 ./Core/Src/main.o
                0x00000000200216ec                currentID
 .bss.i         0x00000000200216f0        0x4 ./Core/Src/main.o
                0x00000000200216f0                i
 .bss.tot       0x00000000200216f4        0x4 ./Core/Src/main.o
                0x00000000200216f4                tot
 .bss.errorflag
                0x00000000200216f8        0x4 ./Core/Src/main.o
                0x00000000200216f8                errorflag
 .bss.id_array  0x00000000200216fc      0x800 ./Core/Src/main.o
                0x00000000200216fc                id_array
 .bss.test      0x0000000020021efc        0x4 ./Core/Src/main.o
                0x0000000020021efc                test
 .bss.__sbrk_heap_end
                0x0000000020021f00        0x4 ./Core/Src/sysmem.o
 .bss.uwTick    0x0000000020021f04        0x4 ./Drivers/STM32L5xx_HAL_Driver/Src/stm32l5xx_hal.o
                0x0000000020021f04                uwTick
 .bss.__sf      0x0000000020021f08      0x138 C:/ST/STM32CubeIDE_1.13.1/STM32CubeIDE/plugins/com.st.stm32cube.ide.mcu.externaltools.gnu-tools-for-stm32.11.3.rel1.win32_1.1.0.202305231506/tools/bin/../lib/gcc/arm-none-eabi/11.3.1/../../../../arm-none-eabi/lib/thumb/v8-m.main+fp/hard\libc_nano.a(libc_a-findfp.o)
                0x0000000020021f08                __sf
 .bss.errno     0x0000000020022040        0x4 C:/ST/STM32CubeIDE_1.13.1/STM32CubeIDE/plugins/com.st.stm32cube.ide.mcu.externaltools.gnu-tools-for-stm32.11.3.rel1.win32_1.1.0.202305231506/tools/bin/../lib/gcc/arm-none-eabi/11.3.1/../../../../arm-none-eabi/lib/thumb/v8-m.main+fp/hard\libc_nano.a(libc_a-reent.o)
                0x0000000020022040                errno
 .bss.__lock___malloc_recursive_mutex
                0x0000000020022044        0x1 C:/ST/STM32CubeIDE_1.13.1/STM32CubeIDE/plugins/com.st.stm32cube.ide.mcu.externaltools.gnu-tools-for-stm32.11.3.rel1.win32_1.1.0.202305231506/tools/bin/../lib/gcc/arm-none-eabi/11.3.1/../../../../arm-none-eabi/lib/thumb/v8-m.main+fp/hard\libc_nano.a(libc_a-lock.o)
                0x0000000020022044                __lock___malloc_recursive_mutex
 *fill*         0x0000000020022045        0x3 
 .bss.__malloc_free_list
                0x0000000020022048        0x4 C:/ST/STM32CubeIDE_1.13.1/STM32CubeIDE/plugins/com.st.stm32cube.ide.mcu.externaltools.gnu-tools-for-stm32.11.3.rel1.win32_1.1.0.202305231506/tools/bin/../lib/gcc/arm-none-eabi/11.3.1/../../../../arm-none-eabi/lib/thumb/v8-m.main+fp/hard\libc_nano.a(libc_a-mallocr.o)
                0x0000000020022048                __malloc_free_list
 .bss.__malloc_sbrk_start
                0x000000002002204c        0x4 C:/ST/STM32CubeIDE_1.13.1/STM32CubeIDE/plugins/com.st.stm32cube.ide.mcu.externaltools.gnu-tools-for-stm32.11.3.rel1.win32_1.1.0.202305231506/tools/bin/../lib/gcc/arm-none-eabi/11.3.1/../../../../arm-none-eabi/lib/thumb/v8-m.main+fp/hard\libc_nano.a(libc_a-mallocr.o)
                0x000000002002204c                __malloc_sbrk_start
 *(COMMON)
                0x0000000020022050                . = ALIGN (0x4)
                0x0000000020022050                _ebss = .
                0x0000000020022050                __bss_end__ = _ebss

._user_heap_stack
                0x0000000020022050      0x600 load address 0x000000000800536c
                0x0000000020022050                . = ALIGN (0x8)
                [!provide]                        PROVIDE (end = .)
                0x0000000020022050                PROVIDE (_end = .)
                0x0000000020022250                . = (. + _Min_Heap_Size)
 *fill*         0x0000000020022050      0x200 
                0x0000000020022650                . = (. + _Min_Stack_Size)
 *fill*         0x0000000020022250      0x400 
                0x0000000020022650                . = ALIGN (0x8)

/DISCARD/
 libc.a(*)
 libm.a(*)
 libgcc.a(*)

.ARM.attributes
                0x0000000000000000       0x36
 *(.ARM.attributes)
 .ARM.attributes
                0x0000000000000000       0x22 C:/ST/STM32CubeIDE_1.13.1/STM32CubeIDE/plugins/com.st.stm32cube.ide.mcu.externaltools.gnu-tools-for-stm32.11.3.rel1.win32_1.1.0.202305231506/tools/bin/../lib/gcc/arm-none-eabi/11.3.1/thumb/v8-m.main+fp/hard/crti.o
 .ARM.attributes
                0x0000000000000022       0x38 C:/ST/STM32CubeIDE_1.13.1/STM32CubeIDE/plugins/com.st.stm32cube.ide.mcu.externaltools.gnu-tools-for-stm32.11.3.rel1.win32_1.1.0.202305231506/tools/bin/../lib/gcc/arm-none-eabi/11.3.1/thumb/v8-m.main+fp/hard/crtbegin.o
 .ARM.attributes
                0x000000000000005a       0x3a ./Core/Src/main.o
 .ARM.attributes
                0x0000000000000094       0x3a ./Core/Src/stm32l5xx_hal_msp.o
 .ARM.attributes
                0x00000000000000ce       0x3a ./Core/Src/stm32l5xx_it.o
 .ARM.attributes
                0x0000000000000108       0x3a ./Core/Src/sysmem.o
 .ARM.attributes
                0x0000000000000142       0x3a ./Core/Src/system_stm32l5xx.o
 .ARM.attributes
                0x000000000000017c       0x24 ./Core/Startup/startup_stm32l552zetxq.o
 .ARM.attributes
                0x00000000000001a0       0x3a ./Drivers/STM32L5xx_HAL_Driver/Src/stm32l5xx_hal.o
 .ARM.attributes
                0x00000000000001da       0x3a ./Drivers/STM32L5xx_HAL_Driver/Src/stm32l5xx_hal_cortex.o
 .ARM.attributes
                0x0000000000000214       0x3a ./Drivers/STM32L5xx_HAL_Driver/Src/stm32l5xx_hal_gpio.o
 .ARM.attributes
                0x000000000000024e       0x3a ./Drivers/STM32L5xx_HAL_Driver/Src/stm32l5xx_hal_icache.o
 .ARM.attributes
                0x0000000000000288       0x3a ./Drivers/STM32L5xx_HAL_Driver/Src/stm32l5xx_hal_pwr_ex.o
 .ARM.attributes
                0x00000000000002c2       0x3a ./Drivers/STM32L5xx_HAL_Driver/Src/stm32l5xx_hal_rcc.o
 .ARM.attributes
                0x00000000000002fc       0x3a ./Drivers/STM32L5xx_HAL_Driver/Src/stm32l5xx_hal_rcc_ex.o
 .ARM.attributes
                0x0000000000000336       0x3a ./Drivers/STM32L5xx_HAL_Driver/Src/stm32l5xx_hal_uart.o
 .ARM.attributes
                0x0000000000000370       0x3a ./Drivers/STM32L5xx_HAL_Driver/Src/stm32l5xx_hal_uart_ex.o
 .ARM.attributes
                0x00000000000003aa       0x38 C:/ST/STM32CubeIDE_1.13.1/STM32CubeIDE/plugins/com.st.stm32cube.ide.mcu.externaltools.gnu-tools-for-stm32.11.3.rel1.win32_1.1.0.202305231506/tools/bin/../lib/gcc/arm-none-eabi/11.3.1/../../../../arm-none-eabi/lib/thumb/v8-m.main+fp/hard\libc_nano.a(libc_a-findfp.o)
 .ARM.attributes
                0x00000000000003e2       0x38 C:/ST/STM32CubeIDE_1.13.1/STM32CubeIDE/plugins/com.st.stm32cube.ide.mcu.externaltools.gnu-tools-for-stm32.11.3.rel1.win32_1.1.0.202305231506/tools/bin/../lib/gcc/arm-none-eabi/11.3.1/../../../../arm-none-eabi/lib/thumb/v8-m.main+fp/hard\libc_nano.a(libc_a-snprintf.o)
 .ARM.attributes
                0x000000000000041a       0x38 C:/ST/STM32CubeIDE_1.13.1/STM32CubeIDE/plugins/com.st.stm32cube.ide.mcu.externaltools.gnu-tools-for-stm32.11.3.rel1.win32_1.1.0.202305231506/tools/bin/../lib/gcc/arm-none-eabi/11.3.1/../../../../arm-none-eabi/lib/thumb/v8-m.main+fp/hard\libc_nano.a(libc_a-sprintf.o)
 .ARM.attributes
                0x0000000000000452       0x38 C:/ST/STM32CubeIDE_1.13.1/STM32CubeIDE/plugins/com.st.stm32cube.ide.mcu.externaltools.gnu-tools-for-stm32.11.3.rel1.win32_1.1.0.202305231506/tools/bin/../lib/gcc/arm-none-eabi/11.3.1/../../../../arm-none-eabi/lib/thumb/v8-m.main+fp/hard\libc_nano.a(libc_a-memset.o)
 .ARM.attributes
                0x000000000000048a       0x38 C:/ST/STM32CubeIDE_1.13.1/STM32CubeIDE/plugins/com.st.stm32cube.ide.mcu.externaltools.gnu-tools-for-stm32.11.3.rel1.win32_1.1.0.202305231506/tools/bin/../lib/gcc/arm-none-eabi/11.3.1/../../../../arm-none-eabi/lib/thumb/v8-m.main+fp/hard\libc_nano.a(libc_a-reent.o)
 .ARM.attributes
                0x00000000000004c2       0x38 C:/ST/STM32CubeIDE_1.13.1/STM32CubeIDE/plugins/com.st.stm32cube.ide.mcu.externaltools.gnu-tools-for-stm32.11.3.rel1.win32_1.1.0.202305231506/tools/bin/../lib/gcc/arm-none-eabi/11.3.1/../../../../arm-none-eabi/lib/thumb/v8-m.main+fp/hard\libc_nano.a(libc_a-impure.o)
 .ARM.attributes
                0x00000000000004fa       0x38 C:/ST/STM32CubeIDE_1.13.1/STM32CubeIDE/plugins/com.st.stm32cube.ide.mcu.externaltools.gnu-tools-for-stm32.11.3.rel1.win32_1.1.0.202305231506/tools/bin/../lib/gcc/arm-none-eabi/11.3.1/../../../../arm-none-eabi/lib/thumb/v8-m.main+fp/hard\libc_nano.a(libc_a-errno.o)
 .ARM.attributes
                0x0000000000000532       0x38 C:/ST/STM32CubeIDE_1.13.1/STM32CubeIDE/plugins/com.st.stm32cube.ide.mcu.externaltools.gnu-tools-for-stm32.11.3.rel1.win32_1.1.0.202305231506/tools/bin/../lib/gcc/arm-none-eabi/11.3.1/../../../../arm-none-eabi/lib/thumb/v8-m.main+fp/hard\libc_nano.a(libc_a-init.o)
 .ARM.attributes
                0x000000000000056a       0x38 C:/ST/STM32CubeIDE_1.13.1/STM32CubeIDE/plugins/com.st.stm32cube.ide.mcu.externaltools.gnu-tools-for-stm32.11.3.rel1.win32_1.1.0.202305231506/tools/bin/../lib/gcc/arm-none-eabi/11.3.1/../../../../arm-none-eabi/lib/thumb/v8-m.main+fp/hard\libc_nano.a(libc_a-lock.o)
 .ARM.attributes
                0x00000000000005a2       0x17 C:/ST/STM32CubeIDE_1.13.1/STM32CubeIDE/plugins/com.st.stm32cube.ide.mcu.externaltools.gnu-tools-for-stm32.11.3.rel1.win32_1.1.0.202305231506/tools/bin/../lib/gcc/arm-none-eabi/11.3.1/../../../../arm-none-eabi/lib/thumb/v8-m.main+fp/hard\libc_nano.a(libc_a-strlen.o)
 .ARM.attributes
                0x00000000000005b9       0x38 C:/ST/STM32CubeIDE_1.13.1/STM32CubeIDE/plugins/com.st.stm32cube.ide.mcu.externaltools.gnu-tools-for-stm32.11.3.rel1.win32_1.1.0.202305231506/tools/bin/../lib/gcc/arm-none-eabi/11.3.1/../../../../arm-none-eabi/lib/thumb/v8-m.main+fp/hard\libc_nano.a(libc_a-freer.o)
 .ARM.attributes
                0x00000000000005f1       0x38 C:/ST/STM32CubeIDE_1.13.1/STM32CubeIDE/plugins/com.st.stm32cube.ide.mcu.externaltools.gnu-tools-for-stm32.11.3.rel1.win32_1.1.0.202305231506/tools/bin/../lib/gcc/arm-none-eabi/11.3.1/../../../../arm-none-eabi/lib/thumb/v8-m.main+fp/hard\libc_nano.a(libc_a-mallocr.o)
 .ARM.attributes
                0x0000000000000629       0x38 C:/ST/STM32CubeIDE_1.13.1/STM32CubeIDE/plugins/com.st.stm32cube.ide.mcu.externaltools.gnu-tools-for-stm32.11.3.rel1.win32_1.1.0.202305231506/tools/bin/../lib/gcc/arm-none-eabi/11.3.1/../../../../arm-none-eabi/lib/thumb/v8-m.main+fp/hard\libc_nano.a(libc_a-mlock.o)
 .ARM.attributes
                0x0000000000000661       0x38 C:/ST/STM32CubeIDE_1.13.1/STM32CubeIDE/plugins/com.st.stm32cube.ide.mcu.externaltools.gnu-tools-for-stm32.11.3.rel1.win32_1.1.0.202305231506/tools/bin/../lib/gcc/arm-none-eabi/11.3.1/../../../../arm-none-eabi/lib/thumb/v8-m.main+fp/hard\libc_nano.a(libc_a-nano-svfprintf.o)
 .ARM.attributes
                0x0000000000000699       0x38 C:/ST/STM32CubeIDE_1.13.1/STM32CubeIDE/plugins/com.st.stm32cube.ide.mcu.externaltools.gnu-tools-for-stm32.11.3.rel1.win32_1.1.0.202305231506/tools/bin/../lib/gcc/arm-none-eabi/11.3.1/../../../../arm-none-eabi/lib/thumb/v8-m.main+fp/hard\libc_nano.a(libc_a-nano-vfprintf_i.o)
 .ARM.attributes
                0x00000000000006d1       0x38 C:/ST/STM32CubeIDE_1.13.1/STM32CubeIDE/plugins/com.st.stm32cube.ide.mcu.externaltools.gnu-tools-for-stm32.11.3.rel1.win32_1.1.0.202305231506/tools/bin/../lib/gcc/arm-none-eabi/11.3.1/../../../../arm-none-eabi/lib/thumb/v8-m.main+fp/hard\libc_nano.a(libc_a-memmove.o)
 .ARM.attributes
                0x0000000000000709       0x38 C:/ST/STM32CubeIDE_1.13.1/STM32CubeIDE/plugins/com.st.stm32cube.ide.mcu.externaltools.gnu-tools-for-stm32.11.3.rel1.win32_1.1.0.202305231506/tools/bin/../lib/gcc/arm-none-eabi/11.3.1/../../../../arm-none-eabi/lib/thumb/v8-m.main+fp/hard\libc_nano.a(libc_a-sbrkr.o)
 .ARM.attributes
                0x0000000000000741       0x38 C:/ST/STM32CubeIDE_1.13.1/STM32CubeIDE/plugins/com.st.stm32cube.ide.mcu.externaltools.gnu-tools-for-stm32.11.3.rel1.win32_1.1.0.202305231506/tools/bin/../lib/gcc/arm-none-eabi/11.3.1/../../../../arm-none-eabi/lib/thumb/v8-m.main+fp/hard\libc_nano.a(libc_a-memchr-stub.o)
 .ARM.attributes
                0x0000000000000779       0x38 C:/ST/STM32CubeIDE_1.13.1/STM32CubeIDE/plugins/com.st.stm32cube.ide.mcu.externaltools.gnu-tools-for-stm32.11.3.rel1.win32_1.1.0.202305231506/tools/bin/../lib/gcc/arm-none-eabi/11.3.1/../../../../arm-none-eabi/lib/thumb/v8-m.main+fp/hard\libc_nano.a(libc_a-memcpy-stub.o)
 .ARM.attributes
                0x00000000000007b1       0x38 C:/ST/STM32CubeIDE_1.13.1/STM32CubeIDE/plugins/com.st.stm32cube.ide.mcu.externaltools.gnu-tools-for-stm32.11.3.rel1.win32_1.1.0.202305231506/tools/bin/../lib/gcc/arm-none-eabi/11.3.1/../../../../arm-none-eabi/lib/thumb/v8-m.main+fp/hard\libc_nano.a(libc_a-reallocr.o)
 .ARM.attributes
                0x00000000000007e9       0x38 C:/ST/STM32CubeIDE_1.13.1/STM32CubeIDE/plugins/com.st.stm32cube.ide.mcu.externaltools.gnu-tools-for-stm32.11.3.rel1.win32_1.1.0.202305231506/tools/bin/../lib/gcc/arm-none-eabi/11.3.1/../../../../arm-none-eabi/lib/thumb/v8-m.main+fp/hard\libc_nano.a(libc_a-msizer.o)
 .ARM.attributes
                0x0000000000000821       0x22 C:/ST/STM32CubeIDE_1.13.1/STM32CubeIDE/plugins/com.st.stm32cube.ide.mcu.externaltools.gnu-tools-for-stm32.11.3.rel1.win32_1.1.0.202305231506/tools/bin/../lib/gcc/arm-none-eabi/11.3.1/thumb/v8-m.main+fp/hard\libgcc.a(_aeabi_uldivmod.o)
 .ARM.attributes
                0x0000000000000843       0x38 C:/ST/STM32CubeIDE_1.13.1/STM32CubeIDE/plugins/com.st.stm32cube.ide.mcu.externaltools.gnu-tools-for-stm32.11.3.rel1.win32_1.1.0.202305231506/tools/bin/../lib/gcc/arm-none-eabi/11.3.1/thumb/v8-m.main+fp/hard\libgcc.a(_udivmoddi4.o)
 .ARM.attributes
                0x000000000000087b       0x22 C:/ST/STM32CubeIDE_1.13.1/STM32CubeIDE/plugins/com.st.stm32cube.ide.mcu.externaltools.gnu-tools-for-stm32.11.3.rel1.win32_1.1.0.202305231506/tools/bin/../lib/gcc/arm-none-eabi/11.3.1/thumb/v8-m.main+fp/hard\libgcc.a(_dvmd_tls.o)
 .ARM.attributes
                0x000000000000089d       0x22 C:/ST/STM32CubeIDE_1.13.1/STM32CubeIDE/plugins/com.st.stm32cube.ide.mcu.externaltools.gnu-tools-for-stm32.11.3.rel1.win32_1.1.0.202305231506/tools/bin/../lib/gcc/arm-none-eabi/11.3.1/thumb/v8-m.main+fp/hard/crtn.o
OUTPUT(CANReaderIDS.elf elf32-littlearm)
LOAD linker stubs
LOAD C:/ST/STM32CubeIDE_1.13.1/STM32CubeIDE/plugins/com.st.stm32cube.ide.mcu.externaltools.gnu-tools-for-stm32.11.3.rel1.win32_1.1.0.202305231506/tools/bin/../lib/gcc/arm-none-eabi/11.3.1/../../../../arm-none-eabi/lib/thumb/v8-m.main+fp/hard\libc.a
LOAD C:/ST/STM32CubeIDE_1.13.1/STM32CubeIDE/plugins/com.st.stm32cube.ide.mcu.externaltools.gnu-tools-for-stm32.11.3.rel1.win32_1.1.0.202305231506/tools/bin/../lib/gcc/arm-none-eabi/11.3.1/../../../../arm-none-eabi/lib/thumb/v8-m.main+fp/hard\libm.a
LOAD C:/ST/STM32CubeIDE_1.13.1/STM32CubeIDE/plugins/com.st.stm32cube.ide.mcu.externaltools.gnu-tools-for-stm32.11.3.rel1.win32_1.1.0.202305231506/tools/bin/../lib/gcc/arm-none-eabi/11.3.1/thumb/v8-m.main+fp/hard\libgcc.a

.comment        0x0000000000000000       0x43
 .comment       0x0000000000000000       0x43 C:/ST/STM32CubeIDE_1.13.1/STM32CubeIDE/plugins/com.st.stm32cube.ide.mcu.externaltools.gnu-tools-for-stm32.11.3.rel1.win32_1.1.0.202305231506/tools/bin/../lib/gcc/arm-none-eabi/11.3.1/thumb/v8-m.main+fp/hard/crtbegin.o
                                         0x44 (size before relaxing)
 .comment       0x0000000000000043       0x44 ./Core/Src/main.o
 .comment       0x0000000000000043       0x44 ./Core/Src/stm32l5xx_hal_msp.o
 .comment       0x0000000000000043       0x44 ./Core/Src/stm32l5xx_it.o
 .comment       0x0000000000000043       0x44 ./Core/Src/sysmem.o
 .comment       0x0000000000000043       0x44 ./Core/Src/system_stm32l5xx.o
 .comment       0x0000000000000043       0x44 ./Drivers/STM32L5xx_HAL_Driver/Src/stm32l5xx_hal.o
 .comment       0x0000000000000043       0x44 ./Drivers/STM32L5xx_HAL_Driver/Src/stm32l5xx_hal_cortex.o
 .comment       0x0000000000000043       0x44 ./Drivers/STM32L5xx_HAL_Driver/Src/stm32l5xx_hal_gpio.o
 .comment       0x0000000000000043       0x44 ./Drivers/STM32L5xx_HAL_Driver/Src/stm32l5xx_hal_icache.o
 .comment       0x0000000000000043       0x44 ./Drivers/STM32L5xx_HAL_Driver/Src/stm32l5xx_hal_pwr_ex.o
 .comment       0x0000000000000043       0x44 ./Drivers/STM32L5xx_HAL_Driver/Src/stm32l5xx_hal_rcc.o
 .comment       0x0000000000000043       0x44 ./Drivers/STM32L5xx_HAL_Driver/Src/stm32l5xx_hal_rcc_ex.o
 .comment       0x0000000000000043       0x44 ./Drivers/STM32L5xx_HAL_Driver/Src/stm32l5xx_hal_uart.o
 .comment       0x0000000000000043       0x44 ./Drivers/STM32L5xx_HAL_Driver/Src/stm32l5xx_hal_uart_ex.o

.debug_info     0x0000000000000000     0xe629
 .debug_info    0x0000000000000000     0x1d05 ./Core/Src/main.o
 .debug_info    0x0000000000001d05      0xf78 ./Core/Src/stm32l5xx_hal_msp.o
 .debug_info    0x0000000000002c7d      0x113 ./Core/Src/stm32l5xx_it.o
 .debug_info    0x0000000000002d90      0x168 ./Core/Src/sysmem.o
 .debug_info    0x0000000000002ef8      0x7e2 ./Core/Src/system_stm32l5xx.o
 .debug_info    0x00000000000036da       0x23 ./Core/Startup/startup_stm32l552zetxq.o
 .debug_info    0x00000000000036fd      0xcf3 ./Drivers/STM32L5xx_HAL_Driver/Src/stm32l5xx_hal.o
 .debug_info    0x00000000000043f0     0x1087 ./Drivers/STM32L5xx_HAL_Driver/Src/stm32l5xx_hal_cortex.o
 .debug_info    0x0000000000005477      0x5d4 ./Drivers/STM32L5xx_HAL_Driver/Src/stm32l5xx_hal_gpio.o
 .debug_info    0x0000000000005a4b      0x4d4 ./Drivers/STM32L5xx_HAL_Driver/Src/stm32l5xx_hal_icache.o
 .debug_info    0x0000000000005f1f      0xd73 ./Drivers/STM32L5xx_HAL_Driver/Src/stm32l5xx_hal_pwr_ex.o
 .debug_info    0x0000000000006c92      0xf75 ./Drivers/STM32L5xx_HAL_Driver/Src/stm32l5xx_hal_rcc.o
 .debug_info    0x0000000000007c07     0x1134 ./Drivers/STM32L5xx_HAL_Driver/Src/stm32l5xx_hal_rcc_ex.o
 .debug_info    0x0000000000008d3b     0x48fb ./Drivers/STM32L5xx_HAL_Driver/Src/stm32l5xx_hal_uart.o
 .debug_info    0x000000000000d636      0xff3 ./Drivers/STM32L5xx_HAL_Driver/Src/stm32l5xx_hal_uart_ex.o

.debug_abbrev   0x0000000000000000     0x205b
 .debug_abbrev  0x0000000000000000      0x3be ./Core/Src/main.o
 .debug_abbrev  0x00000000000003be      0x205 ./Core/Src/stm32l5xx_hal_msp.o
 .debug_abbrev  0x00000000000005c3       0x73 ./Core/Src/stm32l5xx_it.o
 .debug_abbrev  0x0000000000000636       0xbc ./Core/Src/sysmem.o
 .debug_abbrev  0x00000000000006f2      0x12b ./Core/Src/system_stm32l5xx.o
 .debug_abbrev  0x000000000000081d       0x12 ./Core/Startup/startup_stm32l552zetxq.o
 .debug_abbrev  0x000000000000082f      0x2cd ./Drivers/STM32L5xx_HAL_Driver/Src/stm32l5xx_hal.o
 .debug_abbrev  0x0000000000000afc      0x32c ./Drivers/STM32L5xx_HAL_Driver/Src/stm32l5xx_hal_cortex.o
 .debug_abbrev  0x0000000000000e28      0x1c2 ./Drivers/STM32L5xx_HAL_Driver/Src/stm32l5xx_hal_gpio.o
 .debug_abbrev  0x0000000000000fea      0x228 ./Drivers/STM32L5xx_HAL_Driver/Src/stm32l5xx_hal_icache.o
 .debug_abbrev  0x0000000000001212      0x28c ./Drivers/STM32L5xx_HAL_Driver/Src/stm32l5xx_hal_pwr_ex.o
 .debug_abbrev  0x000000000000149e      0x2fd ./Drivers/STM32L5xx_HAL_Driver/Src/stm32l5xx_hal_rcc.o
 .debug_abbrev  0x000000000000179b      0x2c8 ./Drivers/STM32L5xx_HAL_Driver/Src/stm32l5xx_hal_rcc_ex.o
 .debug_abbrev  0x0000000000001a63      0x325 ./Drivers/STM32L5xx_HAL_Driver/Src/stm32l5xx_hal_uart.o
 .debug_abbrev  0x0000000000001d88      0x2d3 ./Drivers/STM32L5xx_HAL_Driver/Src/stm32l5xx_hal_uart_ex.o

.debug_aranges  0x0000000000000000      0xbb8
 .debug_aranges
                0x0000000000000000       0xe8 ./Core/Src/main.o
 .debug_aranges
                0x00000000000000e8       0x30 ./Core/Src/stm32l5xx_hal_msp.o
 .debug_aranges
                0x0000000000000118       0x60 ./Core/Src/stm32l5xx_it.o
 .debug_aranges
                0x0000000000000178       0x20 ./Core/Src/sysmem.o
 .debug_aranges
                0x0000000000000198       0x28 ./Core/Src/system_stm32l5xx.o
 .debug_aranges
                0x00000000000001c0       0x28 ./Core/Startup/startup_stm32l552zetxq.o
 .debug_aranges
                0x00000000000001e8      0x130 ./Drivers/STM32L5xx_HAL_Driver/Src/stm32l5xx_hal.o
 .debug_aranges
                0x0000000000000318      0x130 ./Drivers/STM32L5xx_HAL_Driver/Src/stm32l5xx_hal_cortex.o
 .debug_aranges
                0x0000000000000448       0x60 ./Drivers/STM32L5xx_HAL_Driver/Src/stm32l5xx_hal_gpio.o
 .debug_aranges
                0x00000000000004a8       0xa8 ./Drivers/STM32L5xx_HAL_Driver/Src/stm32l5xx_hal_icache.o
 .debug_aranges
                0x0000000000000550      0x1b8 ./Drivers/STM32L5xx_HAL_Driver/Src/stm32l5xx_hal_pwr_ex.o
 .debug_aranges
                0x0000000000000708       0xa8 ./Drivers/STM32L5xx_HAL_Driver/Src/stm32l5xx_hal_rcc.o
 .debug_aranges
                0x00000000000007b0      0x118 ./Drivers/STM32L5xx_HAL_Driver/Src/stm32l5xx_hal_rcc_ex.o
 .debug_aranges
                0x00000000000008c8      0x248 ./Drivers/STM32L5xx_HAL_Driver/Src/stm32l5xx_hal_uart.o
 .debug_aranges
                0x0000000000000b10       0xa8 ./Drivers/STM32L5xx_HAL_Driver/Src/stm32l5xx_hal_uart_ex.o

.debug_rnglists
                0x0000000000000000      0x8fc
 .debug_rnglists
                0x0000000000000000       0xb2 ./Core/Src/main.o
 .debug_rnglists
                0x00000000000000b2       0x20 ./Core/Src/stm32l5xx_hal_msp.o
 .debug_rnglists
                0x00000000000000d2       0x43 ./Core/Src/stm32l5xx_it.o
 .debug_rnglists
                0x0000000000000115       0x13 ./Core/Src/sysmem.o
 .debug_rnglists
                0x0000000000000128       0x1a ./Core/Src/system_stm32l5xx.o
 .debug_rnglists
                0x0000000000000142       0x19 ./Core/Startup/startup_stm32l552zetxq.o
 .debug_rnglists
                0x000000000000015b       0xdf ./Drivers/STM32L5xx_HAL_Driver/Src/stm32l5xx_hal.o
 .debug_rnglists
                0x000000000000023a       0xdf ./Drivers/STM32L5xx_HAL_Driver/Src/stm32l5xx_hal_cortex.o
 .debug_rnglists
                0x0000000000000319       0x45 ./Drivers/STM32L5xx_HAL_Driver/Src/stm32l5xx_hal_gpio.o
 .debug_rnglists
                0x000000000000035e       0x7a ./Drivers/STM32L5xx_HAL_Driver/Src/stm32l5xx_hal_icache.o
 .debug_rnglists
                0x00000000000003d8      0x14e ./Drivers/STM32L5xx_HAL_Driver/Src/stm32l5xx_hal_pwr_ex.o
 .debug_rnglists
                0x0000000000000526       0x80 ./Drivers/STM32L5xx_HAL_Driver/Src/stm32l5xx_hal_rcc.o
 .debug_rnglists
                0x00000000000005a6       0xdd ./Drivers/STM32L5xx_HAL_Driver/Src/stm32l5xx_hal_rcc_ex.o
 .debug_rnglists
                0x0000000000000683      0x1fa ./Drivers/STM32L5xx_HAL_Driver/Src/stm32l5xx_hal_uart.o
 .debug_rnglists
                0x000000000000087d       0x7f ./Drivers/STM32L5xx_HAL_Driver/Src/stm32l5xx_hal_uart_ex.o

.debug_macro    0x0000000000000000    0x27f00
 .debug_macro   0x0000000000000000      0x389 ./Core/Src/main.o
 .debug_macro   0x0000000000000389      0xaae ./Core/Src/main.o
 .debug_macro   0x0000000000000e37      0x190 ./Core/Src/main.o
 .debug_macro   0x0000000000000fc7       0x2e ./Core/Src/main.o
 .debug_macro   0x0000000000000ff5       0x42 ./Core/Src/main.o
 .debug_macro   0x0000000000001037       0x22 ./Core/Src/main.o
 .debug_macro   0x0000000000001059       0x8e ./Core/Src/main.o
 .debug_macro   0x00000000000010e7       0x51 ./Core/Src/main.o
 .debug_macro   0x0000000000001138      0x103 ./Core/Src/main.o
 .debug_macro   0x000000000000123b       0x6a ./Core/Src/main.o
 .debug_macro   0x00000000000012a5      0x1df ./Core/Src/main.o
 .debug_macro   0x0000000000001484       0x1c ./Core/Src/main.o
 .debug_macro   0x00000000000014a0       0x29 ./Core/Src/main.o
 .debug_macro   0x00000000000014c9       0xfb ./Core/Src/main.o
 .debug_macro   0x00000000000015c4     0x1336 ./Core/Src/main.o
 .debug_macro   0x00000000000028fa       0x5e ./Core/Src/main.o
 .debug_macro   0x0000000000002958    0x1aca2 ./Core/Src/main.o
 .debug_macro   0x000000000001d5fa       0x6c ./Core/Src/main.o
 .debug_macro   0x000000000001d666     0x3535 ./Core/Src/main.o
 .debug_macro   0x0000000000020b9b      0x174 ./Core/Src/main.o
 .debug_macro   0x0000000000020d0f       0x5c ./Core/Src/main.o
 .debug_macro   0x0000000000020d6b     0x1987 ./Core/Src/main.o
 .debug_macro   0x00000000000226f2      0xa52 ./Core/Src/main.o
 .debug_macro   0x0000000000023144      0x1cf ./Core/Src/main.o
 .debug_macro   0x0000000000023313      0x1d8 ./Core/Src/main.o
 .debug_macro   0x00000000000234eb      0x4e1 ./Core/Src/main.o
 .debug_macro   0x00000000000239cc      0x1ab ./Core/Src/main.o
 .debug_macro   0x0000000000023b77       0x4a ./Core/Src/main.o
 .debug_macro   0x0000000000023bc1      0x1b9 ./Core/Src/main.o
 .debug_macro   0x0000000000023d7a      0x230 ./Core/Src/main.o
 .debug_macro   0x0000000000023faa      0x3bb ./Core/Src/main.o
 .debug_macro   0x0000000000024365       0x36 ./Core/Src/main.o
 .debug_macro   0x000000000002439b      0x11c ./Core/Src/main.o
 .debug_macro   0x00000000000244b7      0x22c ./Core/Src/main.o
 .debug_macro   0x00000000000246e3       0x5b ./Core/Src/main.o
 .debug_macro   0x000000000002473e       0xa5 ./Core/Src/main.o
 .debug_macro   0x00000000000247e3       0xc8 ./Core/Src/main.o
 .debug_macro   0x00000000000248ab      0x199 ./Core/Src/main.o
 .debug_macro   0x0000000000024a44      0x487 ./Core/Src/main.o
 .debug_macro   0x0000000000024ecb      0x693 ./Core/Src/main.o
 .debug_macro   0x000000000002555e       0xa6 ./Core/Src/main.o
 .debug_macro   0x0000000000025604      0x3f1 ./Core/Src/main.o
 .debug_macro   0x00000000000259f5       0x70 ./Core/Src/main.o
 .debug_macro   0x0000000000025a65       0x61 ./Core/Src/main.o
 .debug_macro   0x0000000000025ac6       0x2a ./Core/Src/main.o
 .debug_macro   0x0000000000025af0       0x43 ./Core/Src/main.o
 .debug_macro   0x0000000000025b33       0x34 ./Core/Src/main.o
 .debug_macro   0x0000000000025b67       0x16 ./Core/Src/main.o
 .debug_macro   0x0000000000025b7d       0x43 ./Core/Src/main.o
 .debug_macro   0x0000000000025bc0       0x34 ./Core/Src/main.o
 .debug_macro   0x0000000000025bf4       0x10 ./Core/Src/main.o
 .debug_macro   0x0000000000025c04       0x58 ./Core/Src/main.o
 .debug_macro   0x0000000000025c5c       0x8e ./Core/Src/main.o
 .debug_macro   0x0000000000025cea       0x1c ./Core/Src/main.o
 .debug_macro   0x0000000000025d06      0x177 ./Core/Src/main.o
 .debug_macro   0x0000000000025e7d      0x369 ./Core/Src/main.o
 .debug_macro   0x00000000000261e6       0x10 ./Core/Src/main.o
 .debug_macro   0x00000000000261f6       0x35 ./Core/Src/main.o
 .debug_macro   0x000000000002622b       0x20 ./Core/Src/main.o
 .debug_macro   0x000000000002624b       0x1c ./Core/Src/main.o
 .debug_macro   0x0000000000026267       0x10 ./Core/Src/main.o
 .debug_macro   0x0000000000026277       0x1c ./Core/Src/main.o
 .debug_macro   0x0000000000026293       0x16 ./Core/Src/main.o
 .debug_macro   0x00000000000262a9      0x147 ./Core/Src/main.o
 .debug_macro   0x00000000000263f0      0x1eb ./Core/Src/stm32l5xx_hal_msp.o
 .debug_macro   0x00000000000265db      0x1f5 ./Core/Src/stm32l5xx_it.o
 .debug_macro   0x00000000000267d0       0xff ./Core/Src/sysmem.o
 .debug_macro   0x00000000000268cf      0x23c ./Core/Src/sysmem.o
 .debug_macro   0x0000000000026b0b      0x1dc ./Core/Src/system_stm32l5xx.o
 .debug_macro   0x0000000000026ce7      0x20c ./Drivers/STM32L5xx_HAL_Driver/Src/stm32l5xx_hal.o
 .debug_macro   0x0000000000026ef3      0x1dc ./Drivers/STM32L5xx_HAL_Driver/Src/stm32l5xx_hal_cortex.o
 .debug_macro   0x00000000000270cf      0x1e2 ./Drivers/STM32L5xx_HAL_Driver/Src/stm32l5xx_hal_gpio.o
 .debug_macro   0x00000000000272b1      0x20c ./Drivers/STM32L5xx_HAL_Driver/Src/stm32l5xx_hal_icache.o
 .debug_macro   0x00000000000274bd      0x20c ./Drivers/STM32L5xx_HAL_Driver/Src/stm32l5xx_hal_pwr_ex.o
 .debug_macro   0x00000000000276c9      0x206 ./Drivers/STM32L5xx_HAL_Driver/Src/stm32l5xx_hal_rcc.o
 .debug_macro   0x00000000000278cf      0x242 ./Drivers/STM32L5xx_HAL_Driver/Src/stm32l5xx_hal_rcc_ex.o
 .debug_macro   0x0000000000027b11      0x207 ./Drivers/STM32L5xx_HAL_Driver/Src/stm32l5xx_hal_uart.o
 .debug_macro   0x0000000000027d18      0x1e8 ./Drivers/STM32L5xx_HAL_Driver/Src/stm32l5xx_hal_uart_ex.o

.debug_line     0x0000000000000000     0xe90d
 .debug_line    0x0000000000000000     0x13eb ./Core/Src/main.o
 .debug_line    0x00000000000013eb      0x7df ./Core/Src/stm32l5xx_hal_msp.o
 .debug_line    0x0000000000001bca      0x83f ./Core/Src/stm32l5xx_it.o
 .debug_line    0x0000000000002409      0x579 ./Core/Src/sysmem.o
 .debug_line    0x0000000000002982      0x814 ./Core/Src/system_stm32l5xx.o
 .debug_line    0x0000000000003196       0x79 ./Core/Startup/startup_stm32l552zetxq.o
 .debug_line    0x000000000000320f      0xb87 ./Drivers/STM32L5xx_HAL_Driver/Src/stm32l5xx_hal.o
 .debug_line    0x0000000000003d96      0xd7f ./Drivers/STM32L5xx_HAL_Driver/Src/stm32l5xx_hal_cortex.o
 .debug_line    0x0000000000004b15      0xbcc ./Drivers/STM32L5xx_HAL_Driver/Src/stm32l5xx_hal_gpio.o
 .debug_line    0x00000000000056e1      0xa67 ./Drivers/STM32L5xx_HAL_Driver/Src/stm32l5xx_hal_icache.o
 .debug_line    0x0000000000006148      0xf3b ./Drivers/STM32L5xx_HAL_Driver/Src/stm32l5xx_hal_pwr_ex.o
 .debug_line    0x0000000000007083     0x12c4 ./Drivers/STM32L5xx_HAL_Driver/Src/stm32l5xx_hal_rcc.o
 .debug_line    0x0000000000008347     0x1c1b ./Drivers/STM32L5xx_HAL_Driver/Src/stm32l5xx_hal_rcc_ex.o
 .debug_line    0x0000000000009f62     0x3be3 ./Drivers/STM32L5xx_HAL_Driver/Src/stm32l5xx_hal_uart.o
 .debug_line    0x000000000000db45      0xdc8 ./Drivers/STM32L5xx_HAL_Driver/Src/stm32l5xx_hal_uart_ex.o

.debug_str      0x0000000000000000    0xfe7cb
 .debug_str     0x0000000000000000    0xfac8c ./Core/Src/main.o
                                      0xfb078 (size before relaxing)
 .debug_str     0x00000000000fac8c      0x33a ./Core/Src/stm32l5xx_hal_msp.o
                                      0xf6ebb (size before relaxing)
 .debug_str     0x00000000000fafc6       0xc9 ./Core/Src/stm32l5xx_it.o
                                      0xf63d0 (size before relaxing)
 .debug_str     0x00000000000fb08f      0x4dc ./Core/Src/sysmem.o
                                       0x6083 (size before relaxing)
 .debug_str     0x00000000000fb56b      0x17d ./Core/Src/system_stm32l5xx.o
                                      0xf649f (size before relaxing)
 .debug_str     0x00000000000fb6e8       0x35 ./Core/Startup/startup_stm32l552zetxq.o
                                         0x74 (size before relaxing)
 .debug_str     0x00000000000fb71d      0x5ba ./Drivers/STM32L5xx_HAL_Driver/Src/stm32l5xx_hal.o
                                      0xf7016 (size before relaxing)
 .debug_str     0x00000000000fbcd7      0x37e ./Drivers/STM32L5xx_HAL_Driver/Src/stm32l5xx_hal_cortex.o
                                      0xf6e1d (size before relaxing)
 .debug_str     0x00000000000fc055      0x190 ./Drivers/STM32L5xx_HAL_Driver/Src/stm32l5xx_hal_gpio.o
                                      0xf6428 (size before relaxing)
 .debug_str     0x00000000000fc1e5      0x673 ./Drivers/STM32L5xx_HAL_Driver/Src/stm32l5xx_hal_icache.o
                                      0xf687b (size before relaxing)
 .debug_str     0x00000000000fc858      0x733 ./Drivers/STM32L5xx_HAL_Driver/Src/stm32l5xx_hal_pwr_ex.o
                                      0xf6c04 (size before relaxing)
 .debug_str     0x00000000000fcf8b      0x3fa ./Drivers/STM32L5xx_HAL_Driver/Src/stm32l5xx_hal_rcc.o
                                      0xf6ab9 (size before relaxing)
 .debug_str     0x00000000000fd385      0x7d5 ./Drivers/STM32L5xx_HAL_Driver/Src/stm32l5xx_hal_rcc_ex.o
                                      0xf700f (size before relaxing)
 .debug_str     0x00000000000fdb5a      0xa06 ./Drivers/STM32L5xx_HAL_Driver/Src/stm32l5xx_hal_uart.o
                                      0xf73df (size before relaxing)
 .debug_str     0x00000000000fe560      0x26b ./Drivers/STM32L5xx_HAL_Driver/Src/stm32l5xx_hal_uart_ex.o
                                      0xf6b6d (size before relaxing)

.debug_frame    0x0000000000000000     0x3530
 .debug_frame   0x0000000000000000      0x368 ./Core/Src/main.o
 .debug_frame   0x0000000000000368       0x84 ./Core/Src/stm32l5xx_hal_msp.o
 .debug_frame   0x00000000000003ec      0x104 ./Core/Src/stm32l5xx_it.o
 .debug_frame   0x00000000000004f0       0x34 ./Core/Src/sysmem.o
 .debug_frame   0x0000000000000524       0x58 ./Core/Src/system_stm32l5xx.o
 .debug_frame   0x000000000000057c      0x4a4 ./Drivers/STM32L5xx_HAL_Driver/Src/stm32l5xx_hal.o
 .debug_frame   0x0000000000000a20      0x508 ./Drivers/STM32L5xx_HAL_Driver/Src/stm32l5xx_hal_cortex.o
 .debug_frame   0x0000000000000f28      0x174 ./Drivers/STM32L5xx_HAL_Driver/Src/stm32l5xx_hal_gpio.o
 .debug_frame   0x000000000000109c      0x29c ./Drivers/STM32L5xx_HAL_Driver/Src/stm32l5xx_hal_icache.o
 .debug_frame   0x0000000000001338      0x6fc ./Drivers/STM32L5xx_HAL_Driver/Src/stm32l5xx_hal_pwr_ex.o
 .debug_frame   0x0000000000001a34      0x298 ./Drivers/STM32L5xx_HAL_Driver/Src/stm32l5xx_hal_rcc.o
 .debug_frame   0x0000000000001ccc      0x48c ./Drivers/STM32L5xx_HAL_Driver/Src/stm32l5xx_hal_rcc_ex.o
 .debug_frame   0x0000000000002158      0xa94 ./Drivers/STM32L5xx_HAL_Driver/Src/stm32l5xx_hal_uart.o
 .debug_frame   0x0000000000002bec      0x2c0 ./Drivers/STM32L5xx_HAL_Driver/Src/stm32l5xx_hal_uart_ex.o
 .debug_frame   0x0000000000002eac      0x13c C:/ST/STM32CubeIDE_1.13.1/STM32CubeIDE/plugins/com.st.stm32cube.ide.mcu.externaltools.gnu-tools-for-stm32.11.3.rel1.win32_1.1.0.202305231506/tools/bin/../lib/gcc/arm-none-eabi/11.3.1/../../../../arm-none-eabi/lib/thumb/v8-m.main+fp/hard\libc_nano.a(libc_a-findfp.o)
 .debug_frame   0x0000000000002fe8       0x7c C:/ST/STM32CubeIDE_1.13.1/STM32CubeIDE/plugins/com.st.stm32cube.ide.mcu.externaltools.gnu-tools-for-stm32.11.3.rel1.win32_1.1.0.202305231506/tools/bin/../lib/gcc/arm-none-eabi/11.3.1/../../../../arm-none-eabi/lib/thumb/v8-m.main+fp/hard\libc_nano.a(libc_a-snprintf.o)
 .debug_frame   0x0000000000003064       0x6c C:/ST/STM32CubeIDE_1.13.1/STM32CubeIDE/plugins/com.st.stm32cube.ide.mcu.externaltools.gnu-tools-for-stm32.11.3.rel1.win32_1.1.0.202305231506/tools/bin/../lib/gcc/arm-none-eabi/11.3.1/../../../../arm-none-eabi/lib/thumb/v8-m.main+fp/hard\libc_nano.a(libc_a-sprintf.o)
 .debug_frame   0x00000000000030d0       0x20 C:/ST/STM32CubeIDE_1.13.1/STM32CubeIDE/plugins/com.st.stm32cube.ide.mcu.externaltools.gnu-tools-for-stm32.11.3.rel1.win32_1.1.0.202305231506/tools/bin/../lib/gcc/arm-none-eabi/11.3.1/../../../../arm-none-eabi/lib/thumb/v8-m.main+fp/hard\libc_nano.a(libc_a-memset.o)
 .debug_frame   0x00000000000030f0       0x38 C:/ST/STM32CubeIDE_1.13.1/STM32CubeIDE/plugins/com.st.stm32cube.ide.mcu.externaltools.gnu-tools-for-stm32.11.3.rel1.win32_1.1.0.202305231506/tools/bin/../lib/gcc/arm-none-eabi/11.3.1/../../../../arm-none-eabi/lib/thumb/v8-m.main+fp/hard\libc_nano.a(libc_a-reent.o)
 .debug_frame   0x0000000000003128       0x20 C:/ST/STM32CubeIDE_1.13.1/STM32CubeIDE/plugins/com.st.stm32cube.ide.mcu.externaltools.gnu-tools-for-stm32.11.3.rel1.win32_1.1.0.202305231506/tools/bin/../lib/gcc/arm-none-eabi/11.3.1/../../../../arm-none-eabi/lib/thumb/v8-m.main+fp/hard\libc_nano.a(libc_a-errno.o)
 .debug_frame   0x0000000000003148       0x2c C:/ST/STM32CubeIDE_1.13.1/STM32CubeIDE/plugins/com.st.stm32cube.ide.mcu.externaltools.gnu-tools-for-stm32.11.3.rel1.win32_1.1.0.202305231506/tools/bin/../lib/gcc/arm-none-eabi/11.3.1/../../../../arm-none-eabi/lib/thumb/v8-m.main+fp/hard\libc_nano.a(libc_a-init.o)
 .debug_frame   0x0000000000003174       0xb0 C:/ST/STM32CubeIDE_1.13.1/STM32CubeIDE/plugins/com.st.stm32cube.ide.mcu.externaltools.gnu-tools-for-stm32.11.3.rel1.win32_1.1.0.202305231506/tools/bin/../lib/gcc/arm-none-eabi/11.3.1/../../../../arm-none-eabi/lib/thumb/v8-m.main+fp/hard\libc_nano.a(libc_a-lock.o)
 .debug_frame   0x0000000000003224       0x38 C:/ST/STM32CubeIDE_1.13.1/STM32CubeIDE/plugins/com.st.stm32cube.ide.mcu.externaltools.gnu-tools-for-stm32.11.3.rel1.win32_1.1.0.202305231506/tools/bin/../lib/gcc/arm-none-eabi/11.3.1/../../../../arm-none-eabi/lib/thumb/v8-m.main+fp/hard\libc_nano.a(libc_a-freer.o)
 .debug_frame   0x000000000000325c       0x50 C:/ST/STM32CubeIDE_1.13.1/STM32CubeIDE/plugins/com.st.stm32cube.ide.mcu.externaltools.gnu-tools-for-stm32.11.3.rel1.win32_1.1.0.202305231506/tools/bin/../lib/gcc/arm-none-eabi/11.3.1/../../../../arm-none-eabi/lib/thumb/v8-m.main+fp/hard\libc_nano.a(libc_a-mallocr.o)
 .debug_frame   0x00000000000032ac       0x30 C:/ST/STM32CubeIDE_1.13.1/STM32CubeIDE/plugins/com.st.stm32cube.ide.mcu.externaltools.gnu-tools-for-stm32.11.3.rel1.win32_1.1.0.202305231506/tools/bin/../lib/gcc/arm-none-eabi/11.3.1/../../../../arm-none-eabi/lib/thumb/v8-m.main+fp/hard\libc_nano.a(libc_a-mlock.o)
 .debug_frame   0x00000000000032dc       0x90 C:/ST/STM32CubeIDE_1.13.1/STM32CubeIDE/plugins/com.st.stm32cube.ide.mcu.externaltools.gnu-tools-for-stm32.11.3.rel1.win32_1.1.0.202305231506/tools/bin/../lib/gcc/arm-none-eabi/11.3.1/../../../../arm-none-eabi/lib/thumb/v8-m.main+fp/hard\libc_nano.a(libc_a-nano-svfprintf.o)
 .debug_frame   0x000000000000336c       0x60 C:/ST/STM32CubeIDE_1.13.1/STM32CubeIDE/plugins/com.st.stm32cube.ide.mcu.externaltools.gnu-tools-for-stm32.11.3.rel1.win32_1.1.0.202305231506/tools/bin/../lib/gcc/arm-none-eabi/11.3.1/../../../../arm-none-eabi/lib/thumb/v8-m.main+fp/hard\libc_nano.a(libc_a-nano-vfprintf_i.o)
 .debug_frame   0x00000000000033cc       0x28 C:/ST/STM32CubeIDE_1.13.1/STM32CubeIDE/plugins/com.st.stm32cube.ide.mcu.externaltools.gnu-tools-for-stm32.11.3.rel1.win32_1.1.0.202305231506/tools/bin/../lib/gcc/arm-none-eabi/11.3.1/../../../../arm-none-eabi/lib/thumb/v8-m.main+fp/hard\libc_nano.a(libc_a-memmove.o)
 .debug_frame   0x00000000000033f4       0x2c C:/ST/STM32CubeIDE_1.13.1/STM32CubeIDE/plugins/com.st.stm32cube.ide.mcu.externaltools.gnu-tools-for-stm32.11.3.rel1.win32_1.1.0.202305231506/tools/bin/../lib/gcc/arm-none-eabi/11.3.1/../../../../arm-none-eabi/lib/thumb/v8-m.main+fp/hard\libc_nano.a(libc_a-sbrkr.o)
 .debug_frame   0x0000000000003420       0x28 C:/ST/STM32CubeIDE_1.13.1/STM32CubeIDE/plugins/com.st.stm32cube.ide.mcu.externaltools.gnu-tools-for-stm32.11.3.rel1.win32_1.1.0.202305231506/tools/bin/../lib/gcc/arm-none-eabi/11.3.1/../../../../arm-none-eabi/lib/thumb/v8-m.main+fp/hard\libc_nano.a(libc_a-memchr-stub.o)
 .debug_frame   0x0000000000003448       0x28 C:/ST/STM32CubeIDE_1.13.1/STM32CubeIDE/plugins/com.st.stm32cube.ide.mcu.externaltools.gnu-tools-for-stm32.11.3.rel1.win32_1.1.0.202305231506/tools/bin/../lib/gcc/arm-none-eabi/11.3.1/../../../../arm-none-eabi/lib/thumb/v8-m.main+fp/hard\libc_nano.a(libc_a-memcpy-stub.o)
 .debug_frame   0x0000000000003470       0x3c C:/ST/STM32CubeIDE_1.13.1/STM32CubeIDE/plugins/com.st.stm32cube.ide.mcu.externaltools.gnu-tools-for-stm32.11.3.rel1.win32_1.1.0.202305231506/tools/bin/../lib/gcc/arm-none-eabi/11.3.1/../../../../arm-none-eabi/lib/thumb/v8-m.main+fp/hard\libc_nano.a(libc_a-reallocr.o)
 .debug_frame   0x00000000000034ac       0x20 C:/ST/STM32CubeIDE_1.13.1/STM32CubeIDE/plugins/com.st.stm32cube.ide.mcu.externaltools.gnu-tools-for-stm32.11.3.rel1.win32_1.1.0.202305231506/tools/bin/../lib/gcc/arm-none-eabi/11.3.1/../../../../arm-none-eabi/lib/thumb/v8-m.main+fp/hard\libc_nano.a(libc_a-msizer.o)
 .debug_frame   0x00000000000034cc       0x2c C:/ST/STM32CubeIDE_1.13.1/STM32CubeIDE/plugins/com.st.stm32cube.ide.mcu.externaltools.gnu-tools-for-stm32.11.3.rel1.win32_1.1.0.202305231506/tools/bin/../lib/gcc/arm-none-eabi/11.3.1/thumb/v8-m.main+fp/hard\libgcc.a(_aeabi_uldivmod.o)
 .debug_frame   0x00000000000034f8       0x38 C:/ST/STM32CubeIDE_1.13.1/STM32CubeIDE/plugins/com.st.stm32cube.ide.mcu.externaltools.gnu-tools-for-stm32.11.3.rel1.win32_1.1.0.202305231506/tools/bin/../lib/gcc/arm-none-eabi/11.3.1/thumb/v8-m.main+fp/hard\libgcc.a(_udivmoddi4.o)

.debug_line_str
                0x0000000000000000       0x68
 .debug_line_str
                0x0000000000000000       0x68 ./Core/Startup/startup_stm32l552zetxq.o
                                         0x81 (size before relaxing)
